Archive member included to satisfy reference by file (symbol)

c:/st/stm32cubeide_1.8.0/stm32cubeide/plugins/com.st.stm32cube.ide.mcu.externaltools.gnu-tools-for-stm32.9-2020-q2-update.win32_2.0.0.202105311346/tools/bin/../lib/gcc/arm-none-eabi/9.3.1/../../../../arm-none-eabi/lib/thumb/v7-m/nofp\libc_nano.a(lib_a-errno.o)
                              ./Core/Src/syscalls.o (__errno)
c:/st/stm32cubeide_1.8.0/stm32cubeide/plugins/com.st.stm32cube.ide.mcu.externaltools.gnu-tools-for-stm32.9-2020-q2-update.win32_2.0.0.202105311346/tools/bin/../lib/gcc/arm-none-eabi/9.3.1/../../../../arm-none-eabi/lib/thumb/v7-m/nofp\libc_nano.a(lib_a-exit.o)
                              c:/st/stm32cubeide_1.8.0/stm32cubeide/plugins/com.st.stm32cube.ide.mcu.externaltools.gnu-tools-for-stm32.9-2020-q2-update.win32_2.0.0.202105311346/tools/bin/../lib/gcc/arm-none-eabi/9.3.1/../../../../arm-none-eabi/lib/thumb/v7-m/nofp/crt0.o (exit)
c:/st/stm32cubeide_1.8.0/stm32cubeide/plugins/com.st.stm32cube.ide.mcu.externaltools.gnu-tools-for-stm32.9-2020-q2-update.win32_2.0.0.202105311346/tools/bin/../lib/gcc/arm-none-eabi/9.3.1/../../../../arm-none-eabi/lib/thumb/v7-m/nofp\libc_nano.a(lib_a-impure.o)
                              c:/st/stm32cubeide_1.8.0/stm32cubeide/plugins/com.st.stm32cube.ide.mcu.externaltools.gnu-tools-for-stm32.9-2020-q2-update.win32_2.0.0.202105311346/tools/bin/../lib/gcc/arm-none-eabi/9.3.1/../../../../arm-none-eabi/lib/thumb/v7-m/nofp\libc_nano.a(lib_a-exit.o) (_global_impure_ptr)
c:/st/stm32cubeide_1.8.0/stm32cubeide/plugins/com.st.stm32cube.ide.mcu.externaltools.gnu-tools-for-stm32.9-2020-q2-update.win32_2.0.0.202105311346/tools/bin/../lib/gcc/arm-none-eabi/9.3.1/../../../../arm-none-eabi/lib/thumb/v7-m/nofp\libc_nano.a(lib_a-init.o)
                              c:/st/stm32cubeide_1.8.0/stm32cubeide/plugins/com.st.stm32cube.ide.mcu.externaltools.gnu-tools-for-stm32.9-2020-q2-update.win32_2.0.0.202105311346/tools/bin/../lib/gcc/arm-none-eabi/9.3.1/../../../../arm-none-eabi/lib/thumb/v7-m/nofp/crt0.o (__libc_init_array)
c:/st/stm32cubeide_1.8.0/stm32cubeide/plugins/com.st.stm32cube.ide.mcu.externaltools.gnu-tools-for-stm32.9-2020-q2-update.win32_2.0.0.202105311346/tools/bin/../lib/gcc/arm-none-eabi/9.3.1/../../../../arm-none-eabi/lib/thumb/v7-m/nofp\libc_nano.a(lib_a-memcpy-stub.o)
                              ./Core/Src/MY_NRF24.o (memcpy)
c:/st/stm32cubeide_1.8.0/stm32cubeide/plugins/com.st.stm32cube.ide.mcu.externaltools.gnu-tools-for-stm32.9-2020-q2-update.win32_2.0.0.202105311346/tools/bin/../lib/gcc/arm-none-eabi/9.3.1/../../../../arm-none-eabi/lib/thumb/v7-m/nofp\libc_nano.a(lib_a-memset.o)
                              c:/st/stm32cubeide_1.8.0/stm32cubeide/plugins/com.st.stm32cube.ide.mcu.externaltools.gnu-tools-for-stm32.9-2020-q2-update.win32_2.0.0.202105311346/tools/bin/../lib/gcc/arm-none-eabi/9.3.1/../../../../arm-none-eabi/lib/thumb/v7-m/nofp/crt0.o (memset)
c:/st/stm32cubeide_1.8.0/stm32cubeide/plugins/com.st.stm32cube.ide.mcu.externaltools.gnu-tools-for-stm32.9-2020-q2-update.win32_2.0.0.202105311346/tools/bin/../lib/gcc/arm-none-eabi/9.3.1/../../../../arm-none-eabi/lib/thumb/v7-m/nofp\libc_nano.a(lib_a-sprintf.o)
                              ./Core/Src/MY_NRF24.o (sprintf)
c:/st/stm32cubeide_1.8.0/stm32cubeide/plugins/com.st.stm32cube.ide.mcu.externaltools.gnu-tools-for-stm32.9-2020-q2-update.win32_2.0.0.202105311346/tools/bin/../lib/gcc/arm-none-eabi/9.3.1/../../../../arm-none-eabi/lib/thumb/v7-m/nofp\libc_nano.a(lib_a-strlen.o)
                              ./Core/Src/MY_NRF24.o (strlen)
c:/st/stm32cubeide_1.8.0/stm32cubeide/plugins/com.st.stm32cube.ide.mcu.externaltools.gnu-tools-for-stm32.9-2020-q2-update.win32_2.0.0.202105311346/tools/bin/../lib/gcc/arm-none-eabi/9.3.1/../../../../arm-none-eabi/lib/thumb/v7-m/nofp\libc_nano.a(lib_a-nano-svfprintf.o)
                              c:/st/stm32cubeide_1.8.0/stm32cubeide/plugins/com.st.stm32cube.ide.mcu.externaltools.gnu-tools-for-stm32.9-2020-q2-update.win32_2.0.0.202105311346/tools/bin/../lib/gcc/arm-none-eabi/9.3.1/../../../../arm-none-eabi/lib/thumb/v7-m/nofp\libc_nano.a(lib_a-sprintf.o) (_svfprintf_r)
c:/st/stm32cubeide_1.8.0/stm32cubeide/plugins/com.st.stm32cube.ide.mcu.externaltools.gnu-tools-for-stm32.9-2020-q2-update.win32_2.0.0.202105311346/tools/bin/../lib/gcc/arm-none-eabi/9.3.1/../../../../arm-none-eabi/lib/thumb/v7-m/nofp\libc_nano.a(lib_a-nano-vfprintf_i.o)
                              c:/st/stm32cubeide_1.8.0/stm32cubeide/plugins/com.st.stm32cube.ide.mcu.externaltools.gnu-tools-for-stm32.9-2020-q2-update.win32_2.0.0.202105311346/tools/bin/../lib/gcc/arm-none-eabi/9.3.1/../../../../arm-none-eabi/lib/thumb/v7-m/nofp\libc_nano.a(lib_a-nano-svfprintf.o) (_printf_i)
[...]
Memory Configuration

Name             Origin             Length             Attributes
RAM              0x0000000020000000 0x0000000000005000 xrw
FLASH            0x0000000008000000 0x0000000000010000 xr
*default*        0x0000000000000000 0xffffffffffffffff

Linker script and memory map

LOAD c:/st/stm32cubeide_1.8.0/stm32cubeide/plugins/com.st.stm32cube.ide.mcu.externaltools.gnu-tools-for-stm32.9-2020-q2-update.win32_2.0.0.202105311346/tools/bin/../lib/gcc/arm-none-eabi/9.3.1/thumb/v7-m/nofp/crti.o
LOAD c:/st/stm32cubeide_1.8.0/stm32cubeide/plugins/com.st.stm32cube.ide.mcu.externaltools.gnu-tools-for-stm32.9-2020-q2-update.win32_2.0.0.202105311346/tools/bin/../lib/gcc/arm-none-eabi/9.3.1/thumb/v7-m/nofp/crtbegin.o
LOAD c:/st/stm32cubeide_1.8.0/stm32cubeide/plugins/com.st.stm32cube.ide.mcu.externaltools.gnu-tools-for-stm32.9-2020-q2-update.win32_2.0.0.202105311346/tools/bin/../lib/gcc/arm-none-eabi/9.3.1/../../../../arm-none-eabi/lib/thumb/v7-m/nofp/crt0.o
LOAD ./Core/Src/MY_NRF24.o
LOAD ./Core/Src/main.o
LOAD ./Core/Src/stm32f1xx_hal_msp.o
LOAD ./Core/Src/stm32f1xx_it.o
LOAD ./Core/Src/syscalls.o
LOAD ./Core/Src/sysmem.o
LOAD ./Core/Src/system_stm32f1xx.o
LOAD ./Core/Startup/startup_stm32f103c8tx.o
LOAD ./Drivers/STM32F1xx_HAL_Driver/Src/stm32f1xx_hal.o
LOAD ./Drivers/STM32F1xx_HAL_Driver/Src/stm32f1xx_hal_cortex.o
LOAD ./Drivers/STM32F1xx_HAL_Driver/Src/stm32f1xx_hal_dma.o
LOAD ./Drivers/STM32F1xx_HAL_Driver/Src/stm32f1xx_hal_exti.o
LOAD ./Drivers/STM32F1xx_HAL_Driver/Src/stm32f1xx_hal_flash.o
LOAD ./Drivers/STM32F1xx_HAL_Driver/Src/stm32f1xx_hal_flash_ex.o
LOAD ./Drivers/STM32F1xx_HAL_Driver/Src/stm32f1xx_hal_gpio.o
LOAD ./Drivers/STM32F1xx_HAL_Driver/Src/stm32f1xx_hal_gpio_ex.o
LOAD ./Drivers/STM32F1xx_HAL_Driver/Src/stm32f1xx_hal_pwr.o
LOAD ./Drivers/STM32F1xx_HAL_Driver/Src/stm32f1xx_hal_rcc.o
LOAD ./Drivers/STM32F1xx_HAL_Driver/Src/stm32f1xx_hal_rcc_ex.o
LOAD ./Drivers/STM32F1xx_HAL_Driver/Src/stm32f1xx_hal_spi.o
LOAD ./Drivers/STM32F1xx_HAL_Driver/Src/stm32f1xx_hal_tim.o
LOAD ./Drivers/STM32F1xx_HAL_Driver/Src/stm32f1xx_hal_tim_ex.o
LOAD ./Drivers/STM32F1xx_HAL_Driver/Src/stm32f1xx_hal_uart.o
START GROUP
LOAD c:/st/stm32cubeide_1.8.0/stm32cubeide/plugins/com.st.stm32cube.ide.mcu.externaltools.gnu-tools-for-stm32.9-2020-q2-update.win32_2.0.0.202105311346/tools/bin/../lib/gcc/arm-none-eabi/9.3.1/../../../../arm-none-eabi/lib/thumb/v7-m/nofp\libc_nano.a
LOAD c:/st/stm32cubeide_1.8.0/stm32cubeide/plugins/com.st.stm32cube.ide.mcu.externaltools.gnu-tools-for-stm32.9-2020-q2-update.win32_2.0.0.202105311346/tools/bin/../lib/gcc/arm-none-eabi/9.3.1/../../../../arm-none-eabi/lib/thumb/v7-m/nofp\libm.a
END GROUP
START GROUP
LOAD c:/st/stm32cubeide_1.8.0/stm32cubeide/plugins/com.st.stm32cube.ide.mcu.externaltools.gnu-tools-for-stm32.9-2020-q2-update.win32_2.0.0.202105311346/tools/bin/../lib/gcc/arm-none-eabi/9.3.1/thumb/v7-m/nofp\libgcc.a
LOAD c:/st/stm32cubeide_1.8.0/stm32cubeide/plugins/com.st.stm32cube.ide.mcu.externaltools.gnu-tools-for-stm32.9-2020-q2-update.win32_2.0.0.202105311346/tools/bin/../lib/gcc/arm-none-eabi/9.3.1/../../../../arm-none-eabi/lib/thumb/v7-m/nofp\libc_nano.a
END GROUP
START GROUP
LOAD c:/st/stm32cubeide_1.8.0/stm32cubeide/plugins/com.st.stm32cube.ide.mcu.externaltools.gnu-tools-for-stm32.9-2020-q2-update.win32_2.0.0.202105311346/tools/bin/../lib/gcc/arm-none-eabi/9.3.1/thumb/v7-m/nofp\libgcc.a
LOAD c:/st/stm32cubeide_1.8.0/stm32cubeide/plugins/com.st.stm32cube.ide.mcu.externaltools.gnu-tools-for-stm32.9-2020-q2-update.win32_2.0.0.202105311346/tools/bin/../lib/gcc/arm-none-eabi/9.3.1/../../../../arm-none-eabi/lib/thumb/v7-m/nofp\libc_nano.a
LOAD c:/st/stm32cubeide_1.8.0/stm32cubeide/plugins/com.st.stm32cube.ide.mcu.externaltools.gnu-tools-for-stm32.9-2020-q2-update.win32_2.0.0.202105311346/tools/bin/../lib/gcc/arm-none-eabi/9.3.1/../../../../arm-none-eabi/lib/thumb/v7-m/nofp\libnosys.a
END GROUP
START GROUP
LOAD c:/st/stm32cubeide_1.8.0/stm32cubeide/plugins/com.st.stm32cube.ide.mcu.externaltools.gnu-tools-for-stm32.9-2020-q2-update.win32_2.0.0.202105311346/tools/bin/../lib/gcc/arm-none-eabi/9.3.1/thumb/v7-m/nofp\libgcc.a
LOAD c:/st/stm32cubeide_1.8.0/stm32cubeide/plugins/com.st.stm32cube.ide.mcu.externaltools.gnu-tools-for-stm32.9-2020-q2-update.win32_2.0.0.202105311346/tools/bin/../lib/gcc/arm-none-eabi/9.3.1/../../../../arm-none-eabi/lib/thumb/v7-m/nofp\libc_nano.a
LOAD c:/st/stm32cubeide_1.8.0/stm32cubeide/plugins/com.st.stm32cube.ide.mcu.externaltools.gnu-tools-for-stm32.9-2020-q2-update.win32_2.0.0.202105311346/tools/bin/../lib/gcc/arm-none-eabi/9.3.1/../../../../arm-none-eabi/lib/thumb/v7-m/nofp\libnosys.a
END GROUP
LOAD c:/st/stm32cubeide_1.8.0/stm32cubeide/plugins/com.st.stm32cube.ide.mcu.externaltools.gnu-tools-for-stm32.9-2020-q2-update.win32_2.0.0.202105311346/tools/bin/../lib/gcc/arm-none-eabi/9.3.1/thumb/v7-m/nofp/crtend.o
LOAD c:/st/stm32cubeide_1.8.0/stm32cubeide/plugins/com.st.stm32cube.ide.mcu.externaltools.gnu-tools-for-stm32.9-2020-q2-update.win32_2.0.0.202105311346/tools/bin/../lib/gcc/arm-none-eabi/9.3.1/thumb/v7-m/nofp/crtn.o
                0x0000000020005000                _estack = (ORIGIN (RAM) + LENGTH (RAM))
                0x0000000000000200                _Min_Heap_Size = 0x200
                0x0000000000000400                _Min_Stack_Size = 0x400

.isr_vector     0x0000000008000000      0x10c
                0x0000000008000000                . = ALIGN (0x4)
 *(.isr_vector)
 .isr_vector    0x0000000008000000      0x10c ./Core/Startup/startup_stm32f103c8tx.o
                0x0000000008000000                g_pfnVectors
                0x000000000800010c                . = ALIGN (0x4)

.text           0x000000000800010c     0x3ca8
                0x000000000800010c                . = ALIGN (0x4)
 *(.text)
 .text          0x000000000800010c       0x40 c:/st/stm32cubeide_1.8.0/stm32cubeide/plugins/com.st.stm32cube.ide.mcu.externaltools.gnu-tools-for-stm32.9-2020-q2-update.win32_2.0.0.202105311346/tools/bin/../lib/gcc/arm-none-eabi/9.3.1/thumb/v7-m/nofp/crtbegin.o
 .text          0x000000000800014c       0x10 c:/st/stm32cubeide_1.8.0/stm32cubeide/plugins/com.st.stm32cube.ide.mcu.externaltools.gnu-tools-for-stm32.9-2020-q2-update.win32_2.0.0.202105311346/tools/bin/../lib/gcc/arm-none-eabi/9.3.1/../../../../arm-none-eabi/lib/thumb/v7-m/nofp\libc_nano.a(lib_a-strlen.o)
                0x000000000800014c                strlen
 *(.text*)
 .text.NRF24_DelayMicroSeconds
                0x000000000800015c       0x40 ./Core/Src/MY_NRF24.o
                0x000000000800015c                NRF24_DelayMicroSeconds
 .text.NRF24_csn
                0x000000000800019c       0x40 ./Core/Src/MY_NRF24.o
                0x000000000800019c                NRF24_csn
 .text.NRF24_ce
                0x00000000080001dc       0x40 ./Core/Src/MY_NRF24.o
                0x00000000080001dc                NRF24_ce
 .text.NRF24_read_register
                0x000000000800021c       0x50 ./Core/Src/MY_NRF24.o
                0x000000000800021c                NRF24_read_register
 .text.NRF24_read_registerN
                0x000000000800026c       0x50 ./Core/Src/MY_NRF24.o
                0x000000000800026c                NRF24_read_registerN
 .text.NRF24_write_register
                0x00000000080002bc       0x44 ./Core/Src/MY_NRF24.o
                0x00000000080002bc                NRF24_write_register
 .text.NRF24_write_registerN
                0x0000000008000300       0x50 ./Core/Src/MY_NRF24.o
                0x0000000008000300                NRF24_write_registerN
 .text.NRF24_read_payload
                0x0000000008000350       0x60 ./Core/Src/MY_NRF24.o
                0x0000000008000350                NRF24_read_payload
 .text.NRF24_flush_tx
                0x00000000080003b0       0x10 ./Core/Src/MY_NRF24.o
                0x00000000080003b0                NRF24_flush_tx
 .text.NRF24_flush_rx
                0x00000000080003c0       0x10 ./Core/Src/MY_NRF24.o
                0x00000000080003c0                NRF24_flush_rx
 .text.NRF24_get_status
                0x00000000080003d0       0x1a ./Core/Src/MY_NRF24.o
                0x00000000080003d0                NRF24_get_status
 *fill*         0x00000000080003ea        0x2 
 .text.NRF24_begin
                0x00000000080003ec      0x1c0 ./Core/Src/MY_NRF24.o
                0x00000000080003ec                NRF24_begin
 .text.NRF24_startListening
                0x00000000080005ac       0x4c ./Core/Src/MY_NRF24.o
                0x00000000080005ac                NRF24_startListening
 .text.NRF24_available
                0x00000000080005f8       0x10 ./Core/Src/MY_NRF24.o
                0x00000000080005f8                NRF24_available
 .text.NRF24_read
                0x0000000008000608       0x40 ./Core/Src/MY_NRF24.o
                0x0000000008000608                NRF24_read
 .text.NRF24_openReadingPipe
                0x0000000008000648       0x9c ./Core/Src/MY_NRF24.o
                0x0000000008000648                NRF24_openReadingPipe
 .text.NRF24_setRetries
                0x00000000080006e4       0x36 ./Core/Src/MY_NRF24.o
                0x00000000080006e4                NRF24_setRetries
 .text.NRF24_setChannel
                0x000000000800071a       0x2a ./Core/Src/MY_NRF24.o
                0x000000000800071a                NRF24_setChannel
 .text.NRF24_setPayloadSize
                0x0000000008000744       0x2c ./Core/Src/MY_NRF24.o
                0x0000000008000744                NRF24_setPayloadSize
 .text.NRF24_getPayloadSize
                0x0000000008000770       0x14 ./Core/Src/MY_NRF24.o
                0x0000000008000770                NRF24_getPayloadSize
 .text.NRF24_getDynamicPayloadSize
                0x0000000008000784       0x10 ./Core/Src/MY_NRF24.o
                0x0000000008000784                NRF24_getDynamicPayloadSize
 .text.NRF24_disableDynamicPayloads
                0x0000000008000794       0x30 ./Core/Src/MY_NRF24.o
                0x0000000008000794                NRF24_disableDynamicPayloads
 .text.NRF24_setAutoAck
                0x00000000080007c4       0x2a ./Core/Src/MY_NRF24.o
                0x00000000080007c4                NRF24_setAutoAck
 .text.NRF24_setPALevel
                0x00000000080007ee       0x72 ./Core/Src/MY_NRF24.o
                0x00000000080007ee                NRF24_setPALevel
 .text.NRF24_setDataRate
                0x0000000008000860       0x8c ./Core/Src/MY_NRF24.o
                0x0000000008000860                NRF24_setDataRate
 .text.NRF24_setCRCLength
                0x00000000080008ec       0x50 ./Core/Src/MY_NRF24.o
                0x00000000080008ec                NRF24_setCRCLength
 .text.NRF24_powerDown
                0x000000000800093c       0x1e ./Core/Src/MY_NRF24.o
                0x000000000800093c                NRF24_powerDown
 .text.NRF24_availablePipe
                0x000000000800095a       0x60 ./Core/Src/MY_NRF24.o
                0x000000000800095a                NRF24_availablePipe
 .text.NRF24_resetStatus
                0x00000000080009ba       0x10 ./Core/Src/MY_NRF24.o
                0x00000000080009ba                NRF24_resetStatus
 *fill*         0x00000000080009ca        0x2 
 .text.NRF24_ACTIVATE_cmd
                0x00000000080009cc       0x34 ./Core/Src/MY_NRF24.o
                0x00000000080009cc                NRF24_ACTIVATE_cmd
 .text.printRadioSettings
                0x0000000008000a00      0x850 ./Core/Src/MY_NRF24.o
                0x0000000008000a00                printRadioSettings
 .text.nrf24_DebugUART_Init
                0x0000000008001250       0x30 ./Core/Src/MY_NRF24.o
                0x0000000008001250                nrf24_DebugUART_Init
 .text.main     0x0000000008001280       0xe8 ./Core/Src/main.o
                0x0000000008001280                main
 .text.SystemClock_Config
                0x0000000008001368       0x8a ./Core/Src/main.o
                0x0000000008001368                SystemClock_Config
 *fill*         0x00000000080013f2        0x2 
 .text.MX_SPI1_Init
                0x00000000080013f4       0x6c ./Core/Src/main.o
 .text.MX_USART3_UART_Init
                0x0000000008001460       0x54 ./Core/Src/main.o
 .text.MX_GPIO_Init
                0x00000000080014b4       0xd8 ./Core/Src/main.o
 .text.Error_Handler
                0x000000000800158c        0xa ./Core/Src/main.o
                0x000000000800158c                Error_Handler
 *fill*         0x0000000008001596        0x2 
 .text.HAL_MspInit
                0x0000000008001598       0x64 ./Core/Src/stm32f1xx_hal_msp.o
                0x0000000008001598                HAL_MspInit
 .text.HAL_SPI_MspInit
                0x00000000080015fc       0x94 ./Core/Src/stm32f1xx_hal_msp.o
                0x00000000080015fc                HAL_SPI_MspInit
 .text.HAL_UART_MspInit
                0x0000000008001690       0x98 ./Core/Src/stm32f1xx_hal_msp.o
                0x0000000008001690                HAL_UART_MspInit
 .text.NMI_Handler
                0x0000000008001728        0x6 ./Core/Src/stm32f1xx_it.o
                0x0000000008001728                NMI_Handler
 .text.HardFault_Handler
                0x000000000800172e        0x6 ./Core/Src/stm32f1xx_it.o
                0x000000000800172e                HardFault_Handler
 .text.MemManage_Handler
                0x0000000008001734        0x6 ./Core/Src/stm32f1xx_it.o
                0x0000000008001734                MemManage_Handler
 .text.BusFault_Handler
                0x000000000800173a        0x6 ./Core/Src/stm32f1xx_it.o
                0x000000000800173a                BusFault_Handler
 .text.UsageFault_Handler
                0x0000000008001740        0x6 ./Core/Src/stm32f1xx_it.o
                0x0000000008001740                UsageFault_Handler
 .text.SVC_Handler
                0x0000000008001746        0xc ./Core/Src/stm32f1xx_it.o
                0x0000000008001746                SVC_Handler
 .text.DebugMon_Handler
                0x0000000008001752        0xc ./Core/Src/stm32f1xx_it.o
                0x0000000008001752                DebugMon_Handler
 .text.PendSV_Handler
                0x000000000800175e        0xc ./Core/Src/stm32f1xx_it.o
                0x000000000800175e                PendSV_Handler
 .text.SysTick_Handler
                0x000000000800176a        0xc ./Core/Src/stm32f1xx_it.o
                0x000000000800176a                SysTick_Handler
 *fill*         0x0000000008001776        0x2 
 .text._sbrk    0x0000000008001778       0x6c ./Core/Src/sysmem.o
                0x0000000008001778                _sbrk
 .text.SystemInit
                0x00000000080017e4        0xc ./Core/Src/system_stm32f1xx.o
                0x00000000080017e4                SystemInit
 .text.Reset_Handler
                0x00000000080017f0       0x48 ./Core/Startup/startup_stm32f103c8tx.o
                0x00000000080017f0                Reset_Handler
 .text.Default_Handler
                0x0000000008001838        0x2 ./Core/Startup/startup_stm32f103c8tx.o
                0x0000000008001838                RTC_Alarm_IRQHandler
                0x0000000008001838                EXTI2_IRQHandler
                0x0000000008001838                TIM1_CC_IRQHandler
                0x0000000008001838                PVD_IRQHandler
                0x0000000008001838                EXTI3_IRQHandler
                0x0000000008001838                EXTI0_IRQHandler
                0x0000000008001838                I2C2_EV_IRQHandler
                0x0000000008001838                ADC1_2_IRQHandler
                0x0000000008001838                SPI1_IRQHandler
                0x0000000008001838                TAMPER_IRQHandler
                0x0000000008001838                DMA1_Channel4_IRQHandler
                0x0000000008001838                USART3_IRQHandler
                0x0000000008001838                RTC_IRQHandler
                0x0000000008001838                DMA1_Channel7_IRQHandler
                0x0000000008001838                CAN1_RX1_IRQHandler
                0x0000000008001838                TIM4_IRQHandler
                0x0000000008001838                I2C1_EV_IRQHandler
                0x0000000008001838                DMA1_Channel6_IRQHandler
                0x0000000008001838                TIM3_IRQHandler
                0x0000000008001838                RCC_IRQHandler
                0x0000000008001838                TIM1_TRG_COM_IRQHandler
                0x0000000008001838                DMA1_Channel1_IRQHandler
                0x0000000008001838                Default_Handler
                0x0000000008001838                EXTI15_10_IRQHandler
                0x0000000008001838                EXTI9_5_IRQHandler
                0x0000000008001838                SPI2_IRQHandler
                0x0000000008001838                DMA1_Channel5_IRQHandler
                0x0000000008001838                EXTI4_IRQHandler
                0x0000000008001838                USB_LP_CAN1_RX0_IRQHandler
                0x0000000008001838                USB_HP_CAN1_TX_IRQHandler
                0x0000000008001838                DMA1_Channel3_IRQHandler
                0x0000000008001838                TIM1_UP_IRQHandler
                0x0000000008001838                WWDG_IRQHandler
                0x0000000008001838                TIM2_IRQHandler
                0x0000000008001838                TIM1_BRK_IRQHandler
                0x0000000008001838                EXTI1_IRQHandler
                0x0000000008001838                USART2_IRQHandler
                0x0000000008001838                I2C2_ER_IRQHandler
                0x0000000008001838                DMA1_Channel2_IRQHandler
                0x0000000008001838                CAN1_SCE_IRQHandler
                0x0000000008001838                FLASH_IRQHandler
                0x0000000008001838                USART1_IRQHandler
                0x0000000008001838                I2C1_ER_IRQHandler
                0x0000000008001838                USBWakeUp_IRQHandler
 *fill*         0x000000000800183a        0x2 
 .text.HAL_Init
                0x000000000800183c       0x2c ./Drivers/STM32F1xx_HAL_Driver/Src/stm32f1xx_hal.o
                0x000000000800183c                HAL_Init
 .text.HAL_InitTick
                0x0000000008001868       0x60 ./Drivers/STM32F1xx_HAL_Driver/Src/stm32f1xx_hal.o
                0x0000000008001868                HAL_InitTick
 .text.HAL_IncTick
                0x00000000080018c8       0x24 ./Drivers/STM32F1xx_HAL_Driver/Src/stm32f1xx_hal.o
                0x00000000080018c8                HAL_IncTick
 .text.HAL_GetTick
                0x00000000080018ec       0x14 ./Drivers/STM32F1xx_HAL_Driver/Src/stm32f1xx_hal.o
                0x00000000080018ec                HAL_GetTick
 .text.HAL_Delay
                0x0000000008001900       0x48 ./Drivers/STM32F1xx_HAL_Driver/Src/stm32f1xx_hal.o
                0x0000000008001900                HAL_Delay
 .text.__NVIC_SetPriorityGrouping
                0x0000000008001948       0x48 ./Drivers/STM32F1xx_HAL_Driver/Src/stm32f1xx_hal_cortex.o
 .text.__NVIC_GetPriorityGrouping
                0x0000000008001990       0x1c ./Drivers/STM32F1xx_HAL_Driver/Src/stm32f1xx_hal_cortex.o
 .text.__NVIC_SetPriority
                0x00000000080019ac       0x54 ./Drivers/STM32F1xx_HAL_Driver/Src/stm32f1xx_hal_cortex.o
 .text.NVIC_EncodePriority
                0x0000000008001a00       0x64 ./Drivers/STM32F1xx_HAL_Driver/Src/stm32f1xx_hal_cortex.o
 .text.SysTick_Config
                0x0000000008001a64       0x44 ./Drivers/STM32F1xx_HAL_Driver/Src/stm32f1xx_hal_cortex.o
 .text.HAL_NVIC_SetPriorityGrouping
                0x0000000008001aa8       0x16 ./Drivers/STM32F1xx_HAL_Driver/Src/stm32f1xx_hal_cortex.o
                0x0000000008001aa8                HAL_NVIC_SetPriorityGrouping
 .text.HAL_NVIC_SetPriority
                0x0000000008001abe       0x38 ./Drivers/STM32F1xx_HAL_Driver/Src/stm32f1xx_hal_cortex.o
                0x0000000008001abe                HAL_NVIC_SetPriority
 .text.HAL_SYSTICK_Config
                0x0000000008001af6       0x18 ./Drivers/STM32F1xx_HAL_Driver/Src/stm32f1xx_hal_cortex.o
                0x0000000008001af6                HAL_SYSTICK_Config
 *fill*         0x0000000008001b0e        0x2 
 .text.HAL_GPIO_Init
                0x0000000008001b10      0x308 ./Drivers/STM32F1xx_HAL_Driver/Src/stm32f1xx_hal_gpio.o
                0x0000000008001b10                HAL_GPIO_Init
 .text.HAL_GPIO_WritePin
                0x0000000008001e18       0x30 ./Drivers/STM32F1xx_HAL_Driver/Src/stm32f1xx_hal_gpio.o
                0x0000000008001e18                HAL_GPIO_WritePin
 .text.HAL_RCC_OscConfig
                0x0000000008001e48      0x500 ./Drivers/STM32F1xx_HAL_Driver/Src/stm32f1xx_hal_rcc.o
                0x0000000008001e48                HAL_RCC_OscConfig
 .text.HAL_RCC_ClockConfig
                0x0000000008002348      0x1d4 ./Drivers/STM32F1xx_HAL_Driver/Src/stm32f1xx_hal_rcc.o
                0x0000000008002348                HAL_RCC_ClockConfig
 .text.HAL_RCC_GetSysClockFreq
                0x000000000800251c       0xc0 ./Drivers/STM32F1xx_HAL_Driver/Src/stm32f1xx_hal_rcc.o
                0x000000000800251c                HAL_RCC_GetSysClockFreq
 .text.HAL_RCC_GetHCLKFreq
                0x00000000080025dc       0x14 ./Drivers/STM32F1xx_HAL_Driver/Src/stm32f1xx_hal_rcc.o
                0x00000000080025dc                HAL_RCC_GetHCLKFreq
 .text.HAL_RCC_GetPCLK1Freq
                0x00000000080025f0       0x28 ./Drivers/STM32F1xx_HAL_Driver/Src/stm32f1xx_hal_rcc.o
                0x00000000080025f0                HAL_RCC_GetPCLK1Freq
 .text.HAL_RCC_GetPCLK2Freq
                0x0000000008002618       0x28 ./Drivers/STM32F1xx_HAL_Driver/Src/stm32f1xx_hal_rcc.o
                0x0000000008002618                HAL_RCC_GetPCLK2Freq
 .text.RCC_Delay
                0x0000000008002640       0x3c ./Drivers/STM32F1xx_HAL_Driver/Src/stm32f1xx_hal_rcc.o
 .text.HAL_SPI_Init
                0x000000000800267c      0x108 ./Drivers/STM32F1xx_HAL_Driver/Src/stm32f1xx_hal_spi.o
                0x000000000800267c                HAL_SPI_Init
 .text.HAL_SPI_Transmit
                0x0000000008002784      0x278 ./Drivers/STM32F1xx_HAL_Driver/Src/stm32f1xx_hal_spi.o
                0x0000000008002784                HAL_SPI_Transmit
 .text.HAL_SPI_Receive
                0x00000000080029fc      0x222 ./Drivers/STM32F1xx_HAL_Driver/Src/stm32f1xx_hal_spi.o
                0x00000000080029fc                HAL_SPI_Receive
 .text.HAL_SPI_TransmitReceive
                0x0000000008002c1e      0x344 ./Drivers/STM32F1xx_HAL_Driver/Src/stm32f1xx_hal_spi.o
                0x0000000008002c1e                HAL_SPI_TransmitReceive
 *fill*         0x0000000008002f62        0x2 
 .text.SPI_WaitFlagStateUntilTimeout
                0x0000000008002f64      0x110 ./Drivers/STM32F1xx_HAL_Driver/Src/stm32f1xx_hal_spi.o
 .text.SPI_EndRxTransaction
                0x0000000008003074       0xa4 ./Drivers/STM32F1xx_HAL_Driver/Src/stm32f1xx_hal_spi.o
 .text.SPI_EndRxTxTransaction
                0x0000000008003118       0x3c ./Drivers/STM32F1xx_HAL_Driver/Src/stm32f1xx_hal_spi.o
 .text.HAL_UART_Init
                0x0000000008003154       0x9a ./Drivers/STM32F1xx_HAL_Driver/Src/stm32f1xx_hal_uart.o
                0x0000000008003154                HAL_UART_Init
 .text.HAL_UART_Transmit
                0x00000000080031ee      0x124 ./Drivers/STM32F1xx_HAL_Driver/Src/stm32f1xx_hal_uart.o
                0x00000000080031ee                HAL_UART_Transmit
 .text.UART_WaitOnFlagUntilTimeout
                0x0000000008003312       0x94 ./Drivers/STM32F1xx_HAL_Driver/Src/stm32f1xx_hal_uart.o
 *fill*         0x00000000080033a6        0x2 
 .text.UART_SetConfig
                0x00000000080033a8      0x11c ./Drivers/STM32F1xx_HAL_Driver/Src/stm32f1xx_hal_uart.o
 .text.__errno  0x00000000080034c4        0xc c:/st/stm32cubeide_1.8.0/stm32cubeide/plugins/com.st.stm32cube.ide.mcu.externaltools.gnu-tools-for-stm32.9-2020-q2-update.win32_2.0.0.202105311346/tools/bin/../lib/gcc/arm-none-eabi/9.3.1/../../../../arm-none-eabi/lib/thumb/v7-m/nofp\libc_nano.a(lib_a-errno.o)
                0x00000000080034c4                __errno
 .text.__libc_init_array
                0x00000000080034d0       0x48 c:/st/stm32cubeide_1.8.0/stm32cubeide/plugins/com.st.stm32cube.ide.mcu.externaltools.gnu-tools-for-stm32.9-2020-q2-update.win32_2.0.0.202105311346/tools/bin/../lib/gcc/arm-none-eabi/9.3.1/../../../../arm-none-eabi/lib/thumb/v7-m/nofp\libc_nano.a(lib_a-init.o)
                0x00000000080034d0                __libc_init_array
 .text.memcpy   0x0000000008003518       0x1c c:/st/stm32cubeide_1.8.0/stm32cubeide/plugins/com.st.stm32cube.ide.mcu.externaltools.gnu-tools-for-stm32.9-2020-q2-update.win32_2.0.0.202105311346/tools/bin/../lib/gcc/arm-none-eabi/9.3.1/../../../../arm-none-eabi/lib/thumb/v7-m/nofp\libc_nano.a(lib_a-memcpy-stub.o)
                0x0000000008003518                memcpy
 .text.memset   0x0000000008003534       0x10 c:/st/stm32cubeide_1.8.0/stm32cubeide/plugins/com.st.stm32cube.ide.mcu.externaltools.gnu-tools-for-stm32.9-2020-q2-update.win32_2.0.0.202105311346/tools/bin/../lib/gcc/arm-none-eabi/9.3.1/../../../../arm-none-eabi/lib/thumb/v7-m/nofp\libc_nano.a(lib_a-memset.o)
                0x0000000008003534                memset
 .text.sprintf  0x0000000008003544       0x40 c:/st/stm32cubeide_1.8.0/stm32cubeide/plugins/com.st.stm32cube.ide.mcu.externaltools.gnu-tools-for-stm32.9-2020-q2-update.win32_2.0.0.202105311346/tools/bin/../lib/gcc/arm-none-eabi/9.3.1/../../../../arm-none-eabi/lib/thumb/v7-m/nofp\libc_nano.a(lib_a-sprintf.o)
                0x0000000008003544                siprintf
                0x0000000008003544                sprintf
 .text.__ssputs_r
                0x0000000008003584       0xb6 c:/st/stm32cubeide_1.8.0/stm32cubeide/plugins/com.st.stm32cube.ide.mcu.externaltools.gnu-tools-for-stm32.9-2020-q2-update.win32_2.0.0.202105311346/tools/bin/../lib/gcc/arm-none-eabi/9.3.1/../../../../arm-none-eabi/lib/thumb/v7-m/nofp\libc_nano.a(lib_a-nano-svfprintf.o)
                0x0000000008003584                __ssputs_r
 *fill*         0x000000000800363a        0x2 
 .text._svfprintf_r
                0x000000000800363c      0x200 c:/st/stm32cubeide_1.8.0/stm32cubeide/plugins/com.st.stm32cube.ide.mcu.externaltools.gnu-tools-for-stm32.9-2020-q2-update.win32_2.0.0.202105311346/tools/bin/../lib/gcc/arm-none-eabi/9.3.1/../../../../arm-none-eabi/lib/thumb/v7-m/nofp\libc_nano.a(lib_a-nano-svfprintf.o)
                0x000000000800363c                _svfiprintf_r
                0x000000000800363c                _svfprintf_r
 .text._printf_common
                0x000000000800383c       0xde c:/st/stm32cubeide_1.8.0/stm32cubeide/plugins/com.st.stm32cube.ide.mcu.externaltools.gnu-tools-for-stm32.9-2020-q2-update.win32_2.0.0.202105311346/tools/bin/../lib/gcc/arm-none-eabi/9.3.1/../../../../arm-none-eabi/lib/thumb/v7-m/nofp\libc_nano.a(lib_a-nano-vfprintf_i.o)
                0x000000000800383c                _printf_common
 *fill*         0x000000000800391a        0x2 
 .text._printf_i
                0x000000000800391c      0x24c c:/st/stm32cubeide_1.8.0/stm32cubeide/plugins/com.st.stm32cube.ide.mcu.externaltools.gnu-tools-for-stm32.9-2020-q2-update.win32_2.0.0.202105311346/tools/bin/../lib/gcc/arm-none-eabi/9.3.1/../../../../arm-none-eabi/lib/thumb/v7-m/nofp\libc_nano.a(lib_a-nano-vfprintf_i.o)
                0x000000000800391c                _printf_i
 .text.memchr   0x0000000008003b68       0x1c c:/st/stm32cubeide_1.8.0/stm32cubeide/plugins/com.st.stm32cube.ide.mcu.externaltools.gnu-tools-for-stm32.9-2020-q2-update.win32_2.0.0.202105311346/tools/bin/../lib/gcc/arm-none-eabi/9.3.1/../../../../arm-none-eabi/lib/thumb/v7-m/nofp\libc_nano.a(lib_a-memchr-stub.o)
                0x0000000008003b68                memchr
 .text.memmove  0x0000000008003b84       0x34 c:/st/stm32cubeide_1.8.0/stm32cubeide/plugins/com.st.stm32cube.ide.mcu.externaltools.gnu-tools-for-stm32.9-2020-q2-update.win32_2.0.0.202105311346/tools/bin/../lib/gcc/arm-none-eabi/9.3.1/../../../../arm-none-eabi/lib/thumb/v7-m/nofp\libc_nano.a(lib_a-memmove.o)
                0x0000000008003b84                memmove
 .text._free_r  0x0000000008003bb8       0x98 c:/st/stm32cubeide_1.8.0/stm32cubeide/plugins/com.st.stm32cube.ide.mcu.externaltools.gnu-tools-for-stm32.9-2020-q2-update.win32_2.0.0.202105311346/tools/bin/../lib/gcc/arm-none-eabi/9.3.1/../../../../arm-none-eabi/lib/thumb/v7-m/nofp\libc_nano.a(lib_a-nano-freer.o)
                0x0000000008003bb8                _free_r
 .text._malloc_r
                0x0000000008003c50       0xb4 c:/st/stm32cubeide_1.8.0/stm32cubeide/plugins/com.st.stm32cube.ide.mcu.externaltools.gnu-tools-for-stm32.9-2020-q2-update.win32_2.0.0.202105311346/tools/bin/../lib/gcc/arm-none-eabi/9.3.1/../../../../arm-none-eabi/lib/thumb/v7-m/nofp\libc_nano.a(lib_a-nano-mallocr.o)
                0x0000000008003c50                _malloc_r
 .text._realloc_r
                0x0000000008003d04       0x4c c:/st/stm32cubeide_1.8.0/stm32cubeide/plugins/com.st.stm32cube.ide.mcu.externaltools.gnu-tools-for-stm32.9-2020-q2-update.win32_2.0.0.202105311346/tools/bin/../lib/gcc/arm-none-eabi/9.3.1/../../../../arm-none-eabi/lib/thumb/v7-m/nofp\libc_nano.a(lib_a-nano-reallocr.o)
                0x0000000008003d04                _realloc_r
 .text._sbrk_r  0x0000000008003d50       0x20 c:/st/stm32cubeide_1.8.0/stm32cubeide/plugins/com.st.stm32cube.ide.mcu.externaltools.gnu-tools-for-stm32.9-2020-q2-update.win32_2.0.0.202105311346/tools/bin/../lib/gcc/arm-none-eabi/9.3.1/../../../../arm-none-eabi/lib/thumb/v7-m/nofp\libc_nano.a(lib_a-sbrkr.o)
                0x0000000008003d50                _sbrk_r
 .text.__malloc_lock
                0x0000000008003d70        0xc c:/st/stm32cubeide_1.8.0/stm32cubeide/plugins/com.st.stm32cube.ide.mcu.externaltools.gnu-tools-for-stm32.9-2020-q2-update.win32_2.0.0.202105311346/tools/bin/../lib/gcc/arm-none-eabi/9.3.1/../../../../arm-none-eabi/lib/thumb/v7-m/nofp\libc_nano.a(lib_a-mlock.o)
                0x0000000008003d70                __malloc_lock
 .text.__malloc_unlock
                0x0000000008003d7c        0xc c:/st/stm32cubeide_1.8.0/stm32cubeide/plugins/com.st.stm32cube.ide.mcu.externaltools.gnu-tools-for-stm32.9-2020-q2-update.win32_2.0.0.202105311346/tools/bin/../lib/gcc/arm-none-eabi/9.3.1/../../../../arm-none-eabi/lib/thumb/v7-m/nofp\libc_nano.a(lib_a-mlock.o)
                0x0000000008003d7c                __malloc_unlock
 .text._malloc_usable_size_r
                0x0000000008003d88       0x10 c:/st/stm32cubeide_1.8.0/stm32cubeide/plugins/com.st.stm32cube.ide.mcu.externaltools.gnu-tools-for-stm32.9-2020-q2-update.win32_2.0.0.202105311346/tools/bin/../lib/gcc/arm-none-eabi/9.3.1/../../../../arm-none-eabi/lib/thumb/v7-m/nofp\libc_nano.a(lib_a-nano-msizer.o)
                0x0000000008003d88                _malloc_usable_size_r
 .text.__retarget_lock_acquire_recursive
                0x0000000008003d98        0x2 c:/st/stm32cubeide_1.8.0/stm32cubeide/plugins/com.st.stm32cube.ide.mcu.externaltools.gnu-tools-for-stm32.9-2020-q2-update.win32_2.0.0.202105311346/tools/bin/../lib/gcc/arm-none-eabi/9.3.1/../../../../arm-none-eabi/lib/thumb/v7-m/nofp\libc_nano.a(lib_a-lock.o)
                0x0000000008003d98                __retarget_lock_acquire_recursive
 .text.__retarget_lock_release_recursive
                0x0000000008003d9a        0x2 c:/st/stm32cubeide_1.8.0/stm32cubeide/plugins/com.st.stm32cube.ide.mcu.externaltools.gnu-tools-for-stm32.9-2020-q2-update.win32_2.0.0.202105311346/tools/bin/../lib/gcc/arm-none-eabi/9.3.1/../../../../arm-none-eabi/lib/thumb/v7-m/nofp\libc_nano.a(lib_a-lock.o)
                0x0000000008003d9a                __retarget_lock_release_recursive
 *(.glue_7)
 .glue_7        0x0000000008003d9c        0x0 linker stubs
 *(.glue_7t)
 .glue_7t       0x0000000008003d9c        0x0 linker stubs
 *(.eh_frame)
 .eh_frame      0x0000000008003d9c        0x0 c:/st/stm32cubeide_1.8.0/stm32cubeide/plugins/com.st.stm32cube.ide.mcu.externaltools.gnu-tools-for-stm32.9-2020-q2-update.win32_2.0.0.202105311346/tools/bin/../lib/gcc/arm-none-eabi/9.3.1/thumb/v7-m/nofp/crtbegin.o
 *(.init)
 .init          0x0000000008003d9c        0x4 c:/st/stm32cubeide_1.8.0/stm32cubeide/plugins/com.st.stm32cube.ide.mcu.externaltools.gnu-tools-for-stm32.9-2020-q2-update.win32_2.0.0.202105311346/tools/bin/../lib/gcc/arm-none-eabi/9.3.1/thumb/v7-m/nofp/crti.o
                0x0000000008003d9c                _init
 .init          0x0000000008003da0        0x8 c:/st/stm32cubeide_1.8.0/stm32cubeide/plugins/com.st.stm32cube.ide.mcu.externaltools.gnu-tools-for-stm32.9-2020-q2-update.win32_2.0.0.202105311346/tools/bin/../lib/gcc/arm-none-eabi/9.3.1/thumb/v7-m/nofp/crtn.o
 *(.fini)
 .fini          0x0000000008003da8        0x4 c:/st/stm32cubeide_1.8.0/stm32cubeide/plugins/com.st.stm32cube.ide.mcu.externaltools.gnu-tools-for-stm32.9-2020-q2-update.win32_2.0.0.202105311346/tools/bin/../lib/gcc/arm-none-eabi/9.3.1/thumb/v7-m/nofp/crti.o
                0x0000000008003da8                _fini
 .fini          0x0000000008003dac        0x8 c:/st/stm32cubeide_1.8.0/stm32cubeide/plugins/com.st.stm32cube.ide.mcu.externaltools.gnu-tools-for-stm32.9-2020-q2-update.win32_2.0.0.202105311346/tools/bin/../lib/gcc/arm-none-eabi/9.3.1/thumb/v7-m/nofp/crtn.o
                0x0000000008003db4                . = ALIGN (0x4)
                0x0000000008003db4                _etext = .

.vfp11_veneer   0x0000000008003db4        0x0
 .vfp11_veneer  0x0000000008003db4        0x0 linker stubs

.v4_bx          0x0000000008003db4        0x0
 .v4_bx         0x0000000008003db4        0x0 linker stubs

.iplt           0x0000000008003db4        0x0
 .iplt          0x0000000008003db4        0x0 c:/st/stm32cubeide_1.8.0/stm32cubeide/plugins/com.st.stm32cube.ide.mcu.externaltools.gnu-tools-for-stm32.9-2020-q2-update.win32_2.0.0.202105311346/tools/bin/../lib/gcc/arm-none-eabi/9.3.1/thumb/v7-m/nofp/crtbegin.o

.rodata         0x0000000008003db4      0x5c0
                0x0000000008003db4                . = ALIGN (0x4)
 *(.rodata)
 .rodata        0x0000000008003db4      0x541 ./Core/Src/MY_NRF24.o
 *fill*         0x00000000080042f5        0x3 
 .rodata        0x00000000080042f8        0xf ./Core/Src/main.o
 *fill*         0x0000000008004307        0x1 
 .rodata        0x0000000008004308       0x10 ./Drivers/STM32F1xx_HAL_Driver/Src/stm32f1xx_hal_rcc.o
 *(.rodata*)
 .rodata.NRF24_ADDR_REGS
                0x0000000008004318        0x7 ./Core/Src/MY_NRF24.o
 *fill*         0x000000000800431f        0x1 
 .rodata.RF24_RX_PW_PIPE
                0x0000000008004320        0x6 ./Core/Src/MY_NRF24.o
 *fill*         0x0000000008004326        0x2 
 .rodata.AHBPrescTable
                0x0000000008004328       0x10 ./Core/Src/system_stm32f1xx.o
                0x0000000008004328                AHBPrescTable
 .rodata.APBPrescTable
                0x0000000008004338        0x8 ./Core/Src/system_stm32f1xx.o
                0x0000000008004338                APBPrescTable
 .rodata._svfprintf_r.str1.1
                0x0000000008004340       0x11 c:/st/stm32cubeide_1.8.0/stm32cubeide/plugins/com.st.stm32cube.ide.mcu.externaltools.gnu-tools-for-stm32.9-2020-q2-update.win32_2.0.0.202105311346/tools/bin/../lib/gcc/arm-none-eabi/9.3.1/../../../../arm-none-eabi/lib/thumb/v7-m/nofp\libc_nano.a(lib_a-nano-svfprintf.o)
 .rodata._printf_i.str1.1
                0x0000000008004351       0x22 c:/st/stm32cubeide_1.8.0/stm32cubeide/plugins/com.st.stm32cube.ide.mcu.externaltools.gnu-tools-for-stm32.9-2020-q2-update.win32_2.0.0.202105311346/tools/bin/../lib/gcc/arm-none-eabi/9.3.1/../../../../arm-none-eabi/lib/thumb/v7-m/nofp\libc_nano.a(lib_a-nano-vfprintf_i.o)
                0x0000000008004374                . = ALIGN (0x4)
 *fill*         0x0000000008004373        0x1 

.rel.dyn        0x0000000008004374        0x0
 .rel.iplt      0x0000000008004374        0x0 c:/st/stm32cubeide_1.8.0/stm32cubeide/plugins/com.st.stm32cube.ide.mcu.externaltools.gnu-tools-for-stm32.9-2020-q2-update.win32_2.0.0.202105311346/tools/bin/../lib/gcc/arm-none-eabi/9.3.1/thumb/v7-m/nofp/crtbegin.o

.ARM.extab      0x0000000008004374        0x0
                0x0000000008004374                . = ALIGN (0x4)
 *(.ARM.extab* .gnu.linkonce.armextab.*)
                0x0000000008004374                . = ALIGN (0x4)

.ARM            0x0000000008004374        0x0
                0x0000000008004374                . = ALIGN (0x4)
                0x0000000008004374                __exidx_start = .
 *(.ARM.exidx*)
                0x0000000008004374                __exidx_end = .
                0x0000000008004374                . = ALIGN (0x4)

.preinit_array  0x0000000008004374        0x0
                0x0000000008004374                . = ALIGN (0x4)
                0x0000000008004374                PROVIDE (__preinit_array_start = .)
 *(.preinit_array*)
                0x0000000008004374                PROVIDE (__preinit_array_end = .)
                0x0000000008004374                . = ALIGN (0x4)

.init_array     0x0000000008004374        0x4
                0x0000000008004374                . = ALIGN (0x4)
                0x0000000008004374                PROVIDE (__init_array_start = .)
 *(SORT_BY_NAME(.init_array.*))
 *(.init_array*)
 .init_array    0x0000000008004374        0x4 c:/st/stm32cubeide_1.8.0/stm32cubeide/plugins/com.st.stm32cube.ide.mcu.externaltools.gnu-tools-for-stm32.9-2020-q2-update.win32_2.0.0.202105311346/tools/bin/../lib/gcc/arm-none-eabi/9.3.1/thumb/v7-m/nofp/crtbegin.o
                0x0000000008004378                PROVIDE (__init_array_end = .)
                0x0000000008004378                . = ALIGN (0x4)

.fini_array     0x0000000008004378        0x4
                0x0000000008004378                . = ALIGN (0x4)
                [!provide]                        PROVIDE (__fini_array_start = .)
 *(SORT_BY_NAME(.fini_array.*))
 *(.fini_array*)
 .fini_array    0x0000000008004378        0x4 c:/st/stm32cubeide_1.8.0/stm32cubeide/plugins/com.st.stm32cube.ide.mcu.externaltools.gnu-tools-for-stm32.9-2020-q2-update.win32_2.0.0.202105311346/tools/bin/../lib/gcc/arm-none-eabi/9.3.1/thumb/v7-m/nofp/crtbegin.o
                [!provide]                        PROVIDE (__fini_array_end = .)
                0x000000000800437c                . = ALIGN (0x4)
                0x000000000800437c                _sidata = LOADADDR (.data)

.data           0x0000000020000000       0x78 load address 0x000000000800437c
                0x0000000020000000                . = ALIGN (0x4)
                0x0000000020000000                _sdata = .
 *(.data)
 *(.data*)
 .data.RxpipeAddrs
                0x0000000020000000        0x8 ./Core/Src/main.o
                0x0000000020000000                RxpipeAddrs
 .data.SystemCoreClock
                0x0000000020000008        0x4 ./Core/Src/system_stm32f1xx.o
                0x0000000020000008                SystemCoreClock
 .data.uwTickPrio
                0x000000002000000c        0x4 ./Drivers/STM32F1xx_HAL_Driver/Src/stm32f1xx_hal.o
                0x000000002000000c                uwTickPrio
 .data.uwTickFreq
                0x0000000020000010        0x1 ./Drivers/STM32F1xx_HAL_Driver/Src/stm32f1xx_hal.o
                0x0000000020000010                uwTickFreq
 *fill*         0x0000000020000011        0x3 
 .data._impure_ptr
                0x0000000020000014        0x4 c:/st/stm32cubeide_1.8.0/stm32cubeide/plugins/com.st.stm32cube.ide.mcu.externaltools.gnu-tools-for-stm32.9-2020-q2-update.win32_2.0.0.202105311346/tools/bin/../lib/gcc/arm-none-eabi/9.3.1/../../../../arm-none-eabi/lib/thumb/v7-m/nofp\libc_nano.a(lib_a-impure.o)
                0x0000000020000014                _impure_ptr
 .data.impure_data
                0x0000000020000018       0x60 c:/st/stm32cubeide_1.8.0/stm32cubeide/plugins/com.st.stm32cube.ide.mcu.externaltools.gnu-tools-for-stm32.9-2020-q2-update.win32_2.0.0.202105311346/tools/bin/../lib/gcc/arm-none-eabi/9.3.1/../../../../arm-none-eabi/lib/thumb/v7-m/nofp\libc_nano.a(lib_a-impure.o)
 *(.RamFunc)
 *(.RamFunc*)
                0x0000000020000078                . = ALIGN (0x4)
                0x0000000020000078                _edata = .

.igot.plt       0x0000000020000078        0x0 load address 0x00000000080043f4
 .igot.plt      0x0000000020000078        0x0 c:/st/stm32cubeide_1.8.0/stm32cubeide/plugins/com.st.stm32cube.ide.mcu.externaltools.gnu-tools-for-stm32.9-2020-q2-update.win32_2.0.0.202105311346/tools/bin/../lib/gcc/arm-none-eabi/9.3.1/thumb/v7-m/nofp/crtbegin.o
                0x0000000020000078                . = ALIGN (0x4)

.bss            0x0000000020000078      0x1c0 load address 0x00000000080043f4
                0x0000000020000078                _sbss = .
                0x0000000020000078                __bss_start__ = _sbss
 *(.bss)
 .bss           0x0000000020000078       0x1c c:/st/stm32cubeide_1.8.0/stm32cubeide/plugins/com.st.stm32cube.ide.mcu.externaltools.gnu-tools-for-stm32.9-2020-q2-update.win32_2.0.0.202105311346/tools/bin/../lib/gcc/arm-none-eabi/9.3.1/thumb/v7-m/nofp/crtbegin.o
 *(.bss*)
 *fill*         0x0000000020000094        0x4 
 .bss.pipe0_reading_address
                0x0000000020000098        0x8 ./Core/Src/MY_NRF24.o
 .bss.payload_size
                0x00000000200000a0        0x1 ./Core/Src/MY_NRF24.o
 .bss.dynamic_payloads_enabled
                0x00000000200000a1        0x1 ./Core/Src/MY_NRF24.o
 .bss.wide_band
                0x00000000200000a2        0x1 ./Core/Src/MY_NRF24.o
 *fill*         0x00000000200000a3        0x1 
 .bss.nrf24_PORT
                0x00000000200000a4        0x4 ./Core/Src/MY_NRF24.o
 .bss.nrf24_CSN_PIN
                0x00000000200000a8        0x2 ./Core/Src/MY_NRF24.o
 .bss.nrf24_CE_PIN
                0x00000000200000aa        0x2 ./Core/Src/MY_NRF24.o
 .bss.nrf24_hspi
                0x00000000200000ac       0x58 ./Core/Src/MY_NRF24.o
 .bss.nrf24_huart
                0x0000000020000104       0x44 ./Core/Src/MY_NRF24.o
 .bss.__sbrk_heap_end
                0x0000000020000148        0x4 ./Core/Src/sysmem.o
 .bss.__malloc_free_list
                0x000000002000014c        0x4 c:/st/stm32cubeide_1.8.0/stm32cubeide/plugins/com.st.stm32cube.ide.mcu.externaltools.gnu-tools-for-stm32.9-2020-q2-update.win32_2.0.0.202105311346/tools/bin/../lib/gcc/arm-none-eabi/9.3.1/../../../../arm-none-eabi/lib/thumb/v7-m/nofp\libc_nano.a(lib_a-nano-mallocr.o)
                0x000000002000014c                __malloc_free_list
 .bss.__malloc_sbrk_start
                0x0000000020000150        0x4 c:/st/stm32cubeide_1.8.0/stm32cubeide/plugins/com.st.stm32cube.ide.mcu.externaltools.gnu-tools-for-stm32.9-2020-q2-update.win32_2.0.0.202105311346/tools/bin/../lib/gcc/arm-none-eabi/9.3.1/../../../../arm-none-eabi/lib/thumb/v7-m/nofp\libc_nano.a(lib_a-nano-mallocr.o)
                0x0000000020000150                __malloc_sbrk_start
 *(COMMON)
 COMMON         0x0000000020000154       0xce ./Core/Src/main.o
                0x0000000020000154                huart3
                0x0000000020000198                hspi1
                0x00000000200001f0                RxData
 *fill*         0x0000000020000222        0x2 
 COMMON         0x0000000020000224        0x4 ./Drivers/STM32F1xx_HAL_Driver/Src/stm32f1xx_hal.o
                0x0000000020000224                uwTick
 COMMON         0x0000000020000228        0x4 c:/st/stm32cubeide_1.8.0/stm32cubeide/plugins/com.st.stm32cube.ide.mcu.externaltools.gnu-tools-for-stm32.9-2020-q2-update.win32_2.0.0.202105311346/tools/bin/../lib/gcc/arm-none-eabi/9.3.1/../../../../arm-none-eabi/lib/thumb/v7-m/nofp\libc_nano.a(lib_a-reent.o)
                0x0000000020000228                errno
 COMMON         0x000000002000022c        0x9 c:/st/stm32cubeide_1.8.0/stm32cubeide/plugins/com.st.stm32cube.ide.mcu.externaltools.gnu-tools-for-stm32.9-2020-q2-update.win32_2.0.0.202105311346/tools/bin/../lib/gcc/arm-none-eabi/9.3.1/../../../../arm-none-eabi/lib/thumb/v7-m/nofp\libc_nano.a(lib_a-lock.o)
                0x000000002000022c                __lock___atexit_recursive_mutex
                0x000000002000022d                __lock___arc4random_mutex
                0x000000002000022e                __lock___env_recursive_mutex
                0x000000002000022f                __lock___sinit_recursive_mutex
                0x0000000020000230                __lock___malloc_recursive_mutex
                0x0000000020000231                __lock___at_quick_exit_mutex
                0x0000000020000232                __lock___dd_hash_mutex
                0x0000000020000233                __lock___tz_mutex
                0x0000000020000234                __lock___sfp_recursive_mutex
                0x0000000020000238                . = ALIGN (0x4)
 *fill*         0x0000000020000235        0x3 
                0x0000000020000238                _ebss = .
                0x0000000020000238                __bss_end__ = _ebss

._user_heap_stack
                0x0000000020000238      0x600 load address 0x00000000080043f4
                0x0000000020000238                . = ALIGN (0x8)
                [!provide]                        PROVIDE (end = .)
                0x0000000020000238                PROVIDE (_end = .)
                0x0000000020000438                . = (. + _Min_Heap_Size)
 *fill*         0x0000000020000238      0x200 
                0x0000000020000838                . = (. + _Min_Stack_Size)
 *fill*         0x0000000020000438      0x400 
                0x0000000020000838                . = ALIGN (0x8)

/DISCARD/
 libc.a(*)
 libm.a(*)
 libgcc.a(*)

.ARM.attributes
                0x0000000000000000       0x29
 *(.ARM.attributes)
 .ARM.attributes
                0x0000000000000000       0x1d c:/st/stm32cubeide_1.8.0/stm32cubeide/plugins/com.st.stm32cube.ide.mcu.externaltools.gnu-tools-for-stm32.9-2020-q2-update.win32_2.0.0.202105311346/tools/bin/../lib/gcc/arm-none-eabi/9.3.1/thumb/v7-m/nofp/crti.o
 .ARM.attributes
                0x000000000000001d       0x2d c:/st/stm32cubeide_1.8.0/stm32cubeide/plugins/com.st.stm32cube.ide.mcu.externaltools.gnu-tools-for-stm32.9-2020-q2-update.win32_2.0.0.202105311346/tools/bin/../lib/gcc/arm-none-eabi/9.3.1/thumb/v7-m/nofp/crtbegin.o
 .ARM.attributes
                0x000000000000004a       0x2d ./Core/Src/MY_NRF24.o
 .ARM.attributes
                0x0000000000000077       0x2d ./Core/Src/main.o
 .ARM.attributes
                0x00000000000000a4       0x2d ./Core/Src/stm32f1xx_hal_msp.o
 .ARM.attributes
                0x00000000000000d1       0x2d ./Core/Src/stm32f1xx_it.o
 .ARM.attributes
                0x00000000000000fe       0x2d ./Core/Src/sysmem.o
 .ARM.attributes
                0x000000000000012b       0x2d ./Core/Src/system_stm32f1xx.o
 .ARM.attributes
                0x0000000000000158       0x21 ./Core/Startup/startup_stm32f103c8tx.o
 .ARM.attributes
                0x0000000000000179       0x2d ./Drivers/STM32F1xx_HAL_Driver/Src/stm32f1xx_hal.o
 .ARM.attributes
                0x00000000000001a6       0x2d ./Drivers/STM32F1xx_HAL_Driver/Src/stm32f1xx_hal_cortex.o
 .ARM.attributes
                0x00000000000001d3       0x2d ./Drivers/STM32F1xx_HAL_Driver/Src/stm32f1xx_hal_gpio.o
 .ARM.attributes
                0x0000000000000200       0x2d ./Drivers/STM32F1xx_HAL_Driver/Src/stm32f1xx_hal_rcc.o
 .ARM.attributes
                0x000000000000022d       0x2d ./Drivers/STM32F1xx_HAL_Driver/Src/stm32f1xx_hal_spi.o
 .ARM.attributes
                0x000000000000025a       0x2d ./Drivers/STM32F1xx_HAL_Driver/Src/stm32f1xx_hal_uart.o
 .ARM.attributes
                0x0000000000000287       0x2d c:/st/stm32cubeide_1.8.0/stm32cubeide/plugins/com.st.stm32cube.ide.mcu.externaltools.gnu-tools-for-stm32.9-2020-q2-update.win32_2.0.0.202105311346/tools/bin/../lib/gcc/arm-none-eabi/9.3.1/../../../../arm-none-eabi/lib/thumb/v7-m/nofp\libc_nano.a(lib_a-errno.o)
 .ARM.attributes
                0x00000000000002b4       0x2d c:/st/stm32cubeide_1.8.0/stm32cubeide/plugins/com.st.stm32cube.ide.mcu.externaltools.gnu-tools-for-stm32.9-2020-q2-update.win32_2.0.0.202105311346/tools/bin/../lib/gcc/arm-none-eabi/9.3.1/../../../../arm-none-eabi/lib/thumb/v7-m/nofp\libc_nano.a(lib_a-impure.o)
 .ARM.attributes
                0x00000000000002e1       0x2d c:/st/stm32cubeide_1.8.0/stm32cubeide/plugins/com.st.stm32cube.ide.mcu.externaltools.gnu-tools-for-stm32.9-2020-q2-update.win32_2.0.0.202105311346/tools/bin/../lib/gcc/arm-none-eabi/9.3.1/../../../../arm-none-eabi/lib/thumb/v7-m/nofp\libc_nano.a(lib_a-init.o)
 .ARM.attributes
                0x000000000000030e       0x2d c:/st/stm32cubeide_1.8.0/stm32cubeide/plugins/com.st.stm32cube.ide.mcu.externaltools.gnu-tools-for-stm32.9-2020-q2-update.win32_2.0.0.202105311346/tools/bin/../lib/gcc/arm-none-eabi/9.3.1/../../../../arm-none-eabi/lib/thumb/v7-m/nofp\libc_nano.a(lib_a-memcpy-stub.o)
 .ARM.attributes
                0x000000000000033b       0x2d c:/st/stm32cubeide_1.8.0/stm32cubeide/plugins/com.st.stm32cube.ide.mcu.externaltools.gnu-tools-for-stm32.9-2020-q2-update.win32_2.0.0.202105311346/tools/bin/../lib/gcc/arm-none-eabi/9.3.1/../../../../arm-none-eabi/lib/thumb/v7-m/nofp\libc_nano.a(lib_a-memset.o)
 .ARM.attributes
                0x0000000000000368       0x2d c:/st/stm32cubeide_1.8.0/stm32cubeide/plugins/com.st.stm32cube.ide.mcu.externaltools.gnu-tools-for-stm32.9-2020-q2-update.win32_2.0.0.202105311346/tools/bin/../lib/gcc/arm-none-eabi/9.3.1/../../../../arm-none-eabi/lib/thumb/v7-m/nofp\libc_nano.a(lib_a-sprintf.o)
 .ARM.attributes
                0x0000000000000395       0x17 c:/st/stm32cubeide_1.8.0/stm32cubeide/plugins/com.st.stm32cube.ide.mcu.externaltools.gnu-tools-for-stm32.9-2020-q2-update.win32_2.0.0.202105311346/tools/bin/../lib/gcc/arm-none-eabi/9.3.1/../../../../arm-none-eabi/lib/thumb/v7-m/nofp\libc_nano.a(lib_a-strlen.o)
 .ARM.attributes
                0x00000000000003ac       0x2d c:/st/stm32cubeide_1.8.0/stm32cubeide/plugins/com.st.stm32cube.ide.mcu.externaltools.gnu-tools-for-stm32.9-2020-q2-update.win32_2.0.0.202105311346/tools/bin/../lib/gcc/arm-none-eabi/9.3.1/../../../../arm-none-eabi/lib/thumb/v7-m/nofp\libc_nano.a(lib_a-nano-svfprintf.o)
 .ARM.attributes
                0x00000000000003d9       0x2d c:/st/stm32cubeide_1.8.0/stm32cubeide/plugins/com.st.stm32cube.ide.mcu.externaltools.gnu-tools-for-stm32.9-2020-q2-update.win32_2.0.0.202105311346/tools/bin/../lib/gcc/arm-none-eabi/9.3.1/../../../../arm-none-eabi/lib/thumb/v7-m/nofp\libc_nano.a(lib_a-nano-vfprintf_i.o)
 .ARM.attributes
                0x0000000000000406       0x2d c:/st/stm32cubeide_1.8.0/stm32cubeide/plugins/com.st.stm32cube.ide.mcu.externaltools.gnu-tools-for-stm32.9-2020-q2-update.win32_2.0.0.202105311346/tools/bin/../lib/gcc/arm-none-eabi/9.3.1/../../../../arm-none-eabi/lib/thumb/v7-m/nofp\libc_nano.a(lib_a-memchr-stub.o)
 .ARM.attributes
                0x0000000000000433       0x2d c:/st/stm32cubeide_1.8.0/stm32cubeide/plugins/com.st.stm32cube.ide.mcu.externaltools.gnu-tools-for-stm32.9-2020-q2-update.win32_2.0.0.202105311346/tools/bin/../lib/gcc/arm-none-eabi/9.3.1/../../../../arm-none-eabi/lib/thumb/v7-m/nofp\libc_nano.a(lib_a-memmove.o)
 .ARM.attributes
                0x0000000000000460       0x2d c:/st/stm32cubeide_1.8.0/stm32cubeide/plugins/com.st.stm32cube.ide.mcu.externaltools.gnu-tools-for-stm32.9-2020-q2-update.win32_2.0.0.202105311346/tools/bin/../lib/gcc/arm-none-eabi/9.3.1/../../../../arm-none-eabi/lib/thumb/v7-m/nofp\libc_nano.a(lib_a-nano-freer.o)
 .ARM.attributes
                0x000000000000048d       0x2d c:/st/stm32cubeide_1.8.0/stm32cubeide/plugins/com.st.stm32cube.ide.mcu.externaltools.gnu-tools-for-stm32.9-2020-q2-update.win32_2.0.0.202105311346/tools/bin/../lib/gcc/arm-none-eabi/9.3.1/../../../../arm-none-eabi/lib/thumb/v7-m/nofp\libc_nano.a(lib_a-nano-mallocr.o)
 .ARM.attributes
                0x00000000000004ba       0x2d c:/st/stm32cubeide_1.8.0/stm32cubeide/plugins/com.st.stm32cube.ide.mcu.externaltools.gnu-tools-for-stm32.9-2020-q2-update.win32_2.0.0.202105311346/tools/bin/../lib/gcc/arm-none-eabi/9.3.1/../../../../arm-none-eabi/lib/thumb/v7-m/nofp\libc_nano.a(lib_a-nano-reallocr.o)
 .ARM.attributes
                0x00000000000004e7       0x2d c:/st/stm32cubeide_1.8.0/stm32cubeide/plugins/com.st.stm32cube.ide.mcu.externaltools.gnu-tools-for-stm32.9-2020-q2-update.win32_2.0.0.202105311346/tools/bin/../lib/gcc/arm-none-eabi/9.3.1/../../../../arm-none-eabi/lib/thumb/v7-m/nofp\libc_nano.a(lib_a-sbrkr.o)
 .ARM.attributes
                0x0000000000000514       0x2d c:/st/stm32cubeide_1.8.0/stm32cubeide/plugins/com.st.stm32cube.ide.mcu.externaltools.gnu-tools-for-stm32.9-2020-q2-update.win32_2.0.0.202105311346/tools/bin/../lib/gcc/arm-none-eabi/9.3.1/../../../../arm-none-eabi/lib/thumb/v7-m/nofp\libc_nano.a(lib_a-mlock.o)
 .ARM.attributes
                0x0000000000000541       0x2d c:/st/stm32cubeide_1.8.0/stm32cubeide/plugins/com.st.stm32cube.ide.mcu.externaltools.gnu-tools-for-stm32.9-2020-q2-update.win32_2.0.0.202105311346/tools/bin/../lib/gcc/arm-none-eabi/9.3.1/../../../../arm-none-eabi/lib/thumb/v7-m/nofp\libc_nano.a(lib_a-nano-msizer.o)
 .ARM.attributes
                0x000000000000056e       0x2d c:/st/stm32cubeide_1.8.0/stm32cubeide/plugins/com.st.stm32cube.ide.mcu.externaltools.gnu-tools-for-stm32.9-2020-q2-update.win32_2.0.0.202105311346/tools/bin/../lib/gcc/arm-none-eabi/9.3.1/../../../../arm-none-eabi/lib/thumb/v7-m/nofp\libc_nano.a(lib_a-reent.o)
 .ARM.attributes
                0x000000000000059b       0x2d c:/st/stm32cubeide_1.8.0/stm32cubeide/plugins/com.st.stm32cube.ide.mcu.externaltools.gnu-tools-for-stm32.9-2020-q2-update.win32_2.0.0.202105311346/tools/bin/../lib/gcc/arm-none-eabi/9.3.1/../../../../arm-none-eabi/lib/thumb/v7-m/nofp\libc_nano.a(lib_a-lock.o)
 .ARM.attributes
                0x00000000000005c8       0x1d c:/st/stm32cubeide_1.8.0/stm32cubeide/plugins/com.st.stm32cube.ide.mcu.externaltools.gnu-tools-for-stm32.9-2020-q2-update.win32_2.0.0.202105311346/tools/bin/../lib/gcc/arm-none-eabi/9.3.1/thumb/v7-m/nofp/crtn.o
OUTPUT(NRF24L01Receiver.elf elf32-littlearm)
LOAD linker stubs
LOAD c:/st/stm32cubeide_1.8.0/stm32cubeide/plugins/com.st.stm32cube.ide.mcu.externaltools.gnu-tools-for-stm32.9-2020-q2-update.win32_2.0.0.202105311346/tools/bin/../lib/gcc/arm-none-eabi/9.3.1/../../../../arm-none-eabi/lib/thumb/v7-m/nofp\libc.a
LOAD c:/st/stm32cubeide_1.8.0/stm32cubeide/plugins/com.st.stm32cube.ide.mcu.externaltools.gnu-tools-for-stm32.9-2020-q2-update.win32_2.0.0.202105311346/tools/bin/../lib/gcc/arm-none-eabi/9.3.1/../../../../arm-none-eabi/lib/thumb/v7-m/nofp\libm.a
LOAD c:/st/stm32cubeide_1.8.0/stm32cubeide/plugins/com.st.stm32cube.ide.mcu.externaltools.gnu-tools-for-stm32.9-2020-q2-update.win32_2.0.0.202105311346/tools/bin/../lib/gcc/arm-none-eabi/9.3.1/thumb/v7-m/nofp\libgcc.a

.debug_info     0x0000000000000000     0x9fec
 .debug_info    0x0000000000000000     0x1f60 ./Core/Src/MY_NRF24.o
 .debug_info    0x0000000000001f60     0x15d4 ./Core/Src/main.o
 .debug_info    0x0000000000003534      0xbe3 ./Core/Src/stm32f1xx_hal_msp.o
 .debug_info    0x0000000000004117      0x222 ./Core/Src/stm32f1xx_it.o
 .debug_info    0x0000000000004339      0xa25 ./Core/Src/sysmem.o
 .debug_info    0x0000000000004d5e      0x2be ./Core/Src/system_stm32f1xx.o
 .debug_info    0x000000000000501c       0x22 ./Core/Startup/startup_stm32f103c8tx.o
 .debug_info    0x000000000000503e      0x76a ./Drivers/STM32F1xx_HAL_Driver/Src/stm32f1xx_hal.o
 .debug_info    0x00000000000057a8      0xbdc ./Drivers/STM32F1xx_HAL_Driver/Src/stm32f1xx_hal_cortex.o
 .debug_info    0x0000000000006384      0x701 ./Drivers/STM32F1xx_HAL_Driver/Src/stm32f1xx_hal_gpio.o
 .debug_info    0x0000000000006a85      0x88e ./Drivers/STM32F1xx_HAL_Driver/Src/stm32f1xx_hal_rcc.o
 .debug_info    0x0000000000007313     0x16bf ./Drivers/STM32F1xx_HAL_Driver/Src/stm32f1xx_hal_spi.o
 .debug_info    0x00000000000089d2     0x161a ./Drivers/STM32F1xx_HAL_Driver/Src/stm32f1xx_hal_uart.o

.debug_abbrev   0x0000000000000000     0x1a0f
 .debug_abbrev  0x0000000000000000      0x392 ./Core/Src/MY_NRF24.o
 .debug_abbrev  0x0000000000000392      0x28c ./Core/Src/main.o
 .debug_abbrev  0x000000000000061e      0x1ac ./Core/Src/stm32f1xx_hal_msp.o
 .debug_abbrev  0x00000000000007ca       0xd2 ./Core/Src/stm32f1xx_it.o
 .debug_abbrev  0x000000000000089c      0x1bf ./Core/Src/sysmem.o
 .debug_abbrev  0x0000000000000a5b      0x14e ./Core/Src/system_stm32f1xx.o
 .debug_abbrev  0x0000000000000ba9       0x12 ./Core/Startup/startup_stm32f103c8tx.o
 .debug_abbrev  0x0000000000000bbb      0x1ed ./Drivers/STM32F1xx_HAL_Driver/Src/stm32f1xx_hal.o
 .debug_abbrev  0x0000000000000da8      0x313 ./Drivers/STM32F1xx_HAL_Driver/Src/stm32f1xx_hal_cortex.o
 .debug_abbrev  0x00000000000010bb      0x1e8 ./Drivers/STM32F1xx_HAL_Driver/Src/stm32f1xx_hal_gpio.o
 .debug_abbrev  0x00000000000012a3      0x273 ./Drivers/STM32F1xx_HAL_Driver/Src/stm32f1xx_hal_rcc.o
 .debug_abbrev  0x0000000000001516      0x26e ./Drivers/STM32F1xx_HAL_Driver/Src/stm32f1xx_hal_spi.o
 .debug_abbrev  0x0000000000001784      0x28b ./Drivers/STM32F1xx_HAL_Driver/Src/stm32f1xx_hal_uart.o

.debug_aranges  0x0000000000000000      0x9c0
 .debug_aranges
                0x0000000000000000      0x1d0 ./Core/Src/MY_NRF24.o
 .debug_aranges
                0x00000000000001d0       0x48 ./Core/Src/main.o
 .debug_aranges
                0x0000000000000218       0x40 ./Core/Src/stm32f1xx_hal_msp.o
 .debug_aranges
                0x0000000000000258       0x60 ./Core/Src/stm32f1xx_it.o
 .debug_aranges
                0x00000000000002b8       0x20 ./Core/Src/sysmem.o
 .debug_aranges
                0x00000000000002d8       0x28 ./Core/Src/system_stm32f1xx.o
 .debug_aranges
                0x0000000000000300       0x28 ./Core/Startup/startup_stm32f103c8tx.o
 .debug_aranges
                0x0000000000000328       0xe0 ./Drivers/STM32F1xx_HAL_Driver/Src/stm32f1xx_hal.o
 .debug_aranges
                0x0000000000000408      0x100 ./Drivers/STM32F1xx_HAL_Driver/Src/stm32f1xx_hal_cortex.o
 .debug_aranges
                0x0000000000000508       0x58 ./Drivers/STM32F1xx_HAL_Driver/Src/stm32f1xx_hal_gpio.o
 .debug_aranges
                0x0000000000000560       0x90 ./Drivers/STM32F1xx_HAL_Driver/Src/stm32f1xx_hal_rcc.o
 .debug_aranges
                0x00000000000005f0      0x1d0 ./Drivers/STM32F1xx_HAL_Driver/Src/stm32f1xx_hal_spi.o
 .debug_aranges
                0x00000000000007c0      0x200 ./Drivers/STM32F1xx_HAL_Driver/Src/stm32f1xx_hal_uart.o

.debug_ranges   0x0000000000000000      0x928
 .debug_ranges  0x0000000000000000      0x1c0 ./Core/Src/MY_NRF24.o
 .debug_ranges  0x00000000000001c0       0x38 ./Core/Src/main.o
 .debug_ranges  0x00000000000001f8       0x30 ./Core/Src/stm32f1xx_hal_msp.o
 .debug_ranges  0x0000000000000228       0x50 ./Core/Src/stm32f1xx_it.o
 .debug_ranges  0x0000000000000278       0x10 ./Core/Src/sysmem.o
 .debug_ranges  0x0000000000000288       0x18 ./Core/Src/system_stm32f1xx.o
 .debug_ranges  0x00000000000002a0       0x20 ./Core/Startup/startup_stm32f103c8tx.o
 .debug_ranges  0x00000000000002c0       0xd0 ./Drivers/STM32F1xx_HAL_Driver/Src/stm32f1xx_hal.o
 .debug_ranges  0x0000000000000390       0xf0 ./Drivers/STM32F1xx_HAL_Driver/Src/stm32f1xx_hal_cortex.o
 .debug_ranges  0x0000000000000480       0x48 ./Drivers/STM32F1xx_HAL_Driver/Src/stm32f1xx_hal_gpio.o
 .debug_ranges  0x00000000000004c8       0x80 ./Drivers/STM32F1xx_HAL_Driver/Src/stm32f1xx_hal_rcc.o
 .debug_ranges  0x0000000000000548      0x1c0 ./Drivers/STM32F1xx_HAL_Driver/Src/stm32f1xx_hal_spi.o
 .debug_ranges  0x0000000000000708      0x220 ./Drivers/STM32F1xx_HAL_Driver/Src/stm32f1xx_hal_uart.o

.debug_macro    0x0000000000000000    0x17250
 .debug_macro   0x0000000000000000      0x2b8 ./Core/Src/MY_NRF24.o
 .debug_macro   0x00000000000002b8      0xa9c ./Core/Src/MY_NRF24.o
 .debug_macro   0x0000000000000d54      0x22c ./Core/Src/MY_NRF24.o
 .debug_macro   0x0000000000000f80      0x21b ./Core/Src/MY_NRF24.o
 .debug_macro   0x000000000000119b       0x2e ./Core/Src/MY_NRF24.o
 .debug_macro   0x00000000000011c9       0x22 ./Core/Src/MY_NRF24.o
 .debug_macro   0x00000000000011eb       0x22 ./Core/Src/MY_NRF24.o
 .debug_macro   0x000000000000120d       0x8e ./Core/Src/MY_NRF24.o
 .debug_macro   0x000000000000129b       0x51 ./Core/Src/MY_NRF24.o
 .debug_macro   0x00000000000012ec      0x103 ./Core/Src/MY_NRF24.o
 .debug_macro   0x00000000000013ef       0x6a ./Core/Src/MY_NRF24.o
 .debug_macro   0x0000000000001459      0x1df ./Core/Src/MY_NRF24.o
 .debug_macro   0x0000000000001638       0x1c ./Core/Src/MY_NRF24.o
 .debug_macro   0x0000000000001654       0x22 ./Core/Src/MY_NRF24.o
 .debug_macro   0x0000000000001676       0xc3 ./Core/Src/MY_NRF24.o
 .debug_macro   0x0000000000001739      0xd23 ./Core/Src/MY_NRF24.o
 .debug_macro   0x000000000000245c     0xe09e ./Core/Src/MY_NRF24.o
 .debug_macro   0x00000000000104fa       0x6d ./Core/Src/MY_NRF24.o
 .debug_macro   0x0000000000010567     0x3468 ./Core/Src/MY_NRF24.o
 .debug_macro   0x00000000000139cf      0x174 ./Core/Src/MY_NRF24.o
 .debug_macro   0x0000000000013b43       0x5c ./Core/Src/MY_NRF24.o
 .debug_macro   0x0000000000013b9f      0x5be ./Core/Src/MY_NRF24.o
 .debug_macro   0x000000000001415d      0x289 ./Core/Src/MY_NRF24.o
 .debug_macro   0x00000000000143e6      0x1cb ./Core/Src/MY_NRF24.o
 .debug_macro   0x00000000000145b1      0x114 ./Core/Src/MY_NRF24.o
 .debug_macro   0x00000000000146c5      0x1b2 ./Core/Src/MY_NRF24.o
 .debug_macro   0x0000000000014877       0x27 ./Core/Src/MY_NRF24.o
 .debug_macro   0x000000000001489e      0x136 ./Core/Src/MY_NRF24.o
 .debug_macro   0x00000000000149d4      0x1bc ./Core/Src/MY_NRF24.o
 .debug_macro   0x0000000000014b90       0x34 ./Core/Src/MY_NRF24.o
 .debug_macro   0x0000000000014bc4       0x3c ./Core/Src/MY_NRF24.o
 .debug_macro   0x0000000000014c00       0x57 ./Core/Src/MY_NRF24.o
 .debug_macro   0x0000000000014c57       0x88 ./Core/Src/MY_NRF24.o
 .debug_macro   0x0000000000014cdf      0x241 ./Core/Src/MY_NRF24.o
 .debug_macro   0x0000000000014f20      0x141 ./Core/Src/MY_NRF24.o
 .debug_macro   0x0000000000015061      0x217 ./Core/Src/MY_NRF24.o
 .debug_macro   0x0000000000015278      0x279 ./Core/Src/MY_NRF24.o
 .debug_macro   0x00000000000154f1       0x83 ./Core/Src/MY_NRF24.o
 .debug_macro   0x0000000000015574       0x18 ./Core/Src/MY_NRF24.o
 .debug_macro   0x000000000001558c       0x52 ./Core/Src/MY_NRF24.o
 .debug_macro   0x00000000000155de       0x3c ./Core/Src/MY_NRF24.o
 .debug_macro   0x000000000001561a       0x34 ./Core/Src/MY_NRF24.o
 .debug_macro   0x000000000001564e       0x16 ./Core/Src/MY_NRF24.o
 .debug_macro   0x0000000000015664       0x35 ./Core/Src/MY_NRF24.o
 .debug_macro   0x0000000000015699       0x16 ./Core/Src/MY_NRF24.o
 .debug_macro   0x00000000000156af       0x43 ./Core/Src/MY_NRF24.o
 .debug_macro   0x00000000000156f2       0x34 ./Core/Src/MY_NRF24.o
 .debug_macro   0x0000000000015726       0x10 ./Core/Src/MY_NRF24.o
 .debug_macro   0x0000000000015736       0x58 ./Core/Src/MY_NRF24.o
 .debug_macro   0x000000000001578e       0x71 ./Core/Src/MY_NRF24.o
 .debug_macro   0x00000000000157ff       0x1c ./Core/Src/MY_NRF24.o
 .debug_macro   0x000000000001581b      0x12a ./Core/Src/MY_NRF24.o
 .debug_macro   0x0000000000015945      0x333 ./Core/Src/MY_NRF24.o
 .debug_macro   0x0000000000015c78       0x16 ./Core/Src/MY_NRF24.o
 .debug_macro   0x0000000000015c8e       0x29 ./Core/Src/MY_NRF24.o
 .debug_macro   0x0000000000015cb7       0x22 ./Core/Src/MY_NRF24.o
 .debug_macro   0x0000000000015cd9       0x16 ./Core/Src/MY_NRF24.o
 .debug_macro   0x0000000000015cef       0x20 ./Core/Src/MY_NRF24.o
 .debug_macro   0x0000000000015d0f      0x2b5 ./Core/Src/main.o
 .debug_macro   0x0000000000015fc4       0x28 ./Core/Src/main.o
 .debug_macro   0x0000000000015fec      0x1a7 ./Core/Src/stm32f1xx_hal_msp.o
 .debug_macro   0x0000000000016193      0x1b1 ./Core/Src/stm32f1xx_it.o
 .debug_macro   0x0000000000016344       0xff ./Core/Src/sysmem.o
 .debug_macro   0x0000000000016443      0x23b ./Core/Src/sysmem.o
 .debug_macro   0x000000000001667e      0x198 ./Core/Src/system_stm32f1xx.o
 .debug_macro   0x0000000000016816      0x1bc ./Drivers/STM32F1xx_HAL_Driver/Src/stm32f1xx_hal.o
 .debug_macro   0x00000000000169d2      0x198 ./Drivers/STM32F1xx_HAL_Driver/Src/stm32f1xx_hal_cortex.o
 .debug_macro   0x0000000000016b6a      0x203 ./Drivers/STM32F1xx_HAL_Driver/Src/stm32f1xx_hal_gpio.o
 .debug_macro   0x0000000000016d6d      0x1aa ./Drivers/STM32F1xx_HAL_Driver/Src/stm32f1xx_hal_rcc.o
 .debug_macro   0x0000000000016f17      0x1a0 ./Drivers/STM32F1xx_HAL_Driver/Src/stm32f1xx_hal_spi.o
 .debug_macro   0x00000000000170b7      0x199 ./Drivers/STM32F1xx_HAL_Driver/Src/stm32f1xx_hal_uart.o

.debug_line     0x0000000000000000     0x96ef
 .debug_line    0x0000000000000000     0x12dc ./Core/Src/MY_NRF24.o
 .debug_line    0x00000000000012dc      0x944 ./Core/Src/main.o
 .debug_line    0x0000000000001c20      0x709 ./Core/Src/stm32f1xx_hal_msp.o
 .debug_line    0x0000000000002329      0x725 ./Core/Src/stm32f1xx_it.o
 .debug_line    0x0000000000002a4e      0x4f8 ./Core/Src/sysmem.o
 .debug_line    0x0000000000002f46      0x6e1 ./Core/Src/system_stm32f1xx.o
 .debug_line    0x0000000000003627       0x87 ./Core/Startup/startup_stm32f103c8tx.o
 .debug_line    0x00000000000036ae      0x90e ./Drivers/STM32F1xx_HAL_Driver/Src/stm32f1xx_hal.o
 .debug_line    0x0000000000003fbc      0xaf6 ./Drivers/STM32F1xx_HAL_Driver/Src/stm32f1xx_hal_cortex.o
 .debug_line    0x0000000000004ab2      0x9a5 ./Drivers/STM32F1xx_HAL_Driver/Src/stm32f1xx_hal_gpio.o
 .debug_line    0x0000000000005457      0xd1c ./Drivers/STM32F1xx_HAL_Driver/Src/stm32f1xx_hal_rcc.o
 .debug_line    0x0000000000006173     0x1b93 ./Drivers/STM32F1xx_HAL_Driver/Src/stm32f1xx_hal_spi.o
 .debug_line    0x0000000000007d06     0x19e9 ./Drivers/STM32F1xx_HAL_Driver/Src/stm32f1xx_hal_uart.o

.debug_str      0x0000000000000000    0x83f98
 .debug_str     0x0000000000000000    0x81d0c ./Core/Src/MY_NRF24.o
                                      0x821ce (size before relaxing)
 .debug_str     0x0000000000081d0c      0x2bb ./Core/Src/main.o
                                      0x81d09 (size before relaxing)
 .debug_str     0x0000000000081fc7       0xa0 ./Core/Src/stm32f1xx_hal_msp.o
                                      0x7e2c6 (size before relaxing)
 .debug_str     0x0000000000082067       0xbd ./Core/Src/stm32f1xx_it.o
                                      0x7dd0b (size before relaxing)
 .debug_str     0x0000000000082124      0x4e9 ./Core/Src/sysmem.o
                                       0x6265 (size before relaxing)
 .debug_str     0x000000000008260d       0x52 ./Core/Src/system_stm32f1xx.o
                                      0x7dc5b (size before relaxing)
 .debug_str     0x000000000008265f       0x36 ./Core/Startup/startup_stm32f103c8tx.o
                                         0x79 (size before relaxing)
 .debug_str     0x0000000000082695      0x55e ./Drivers/STM32F1xx_HAL_Driver/Src/stm32f1xx_hal.o
                                      0x7e2ec (size before relaxing)
 .debug_str     0x0000000000082bf3      0x300 ./Drivers/STM32F1xx_HAL_Driver/Src/stm32f1xx_hal_cortex.o
                                      0x7e2f4 (size before relaxing)
 .debug_str     0x0000000000082ef3      0x324 ./Drivers/STM32F1xx_HAL_Driver/Src/stm32f1xx_hal_gpio.o
                                      0x7e01f (size before relaxing)
 .debug_str     0x0000000000083217      0x24f ./Drivers/STM32F1xx_HAL_Driver/Src/stm32f1xx_hal_rcc.o
                                      0x7e058 (size before relaxing)
 .debug_str     0x0000000000083466      0x54e ./Drivers/STM32F1xx_HAL_Driver/Src/stm32f1xx_hal_spi.o
                                      0x7e567 (size before relaxing)
 .debug_str     0x00000000000839b4      0x5e4 ./Drivers/STM32F1xx_HAL_Driver/Src/stm32f1xx_hal_uart.o
                                      0x7e64a (size before relaxing)

.comment        0x0000000000000000       0x53
 .comment       0x0000000000000000       0x53 ./Core/Src/MY_NRF24.o
                                         0x54 (size before relaxing)
 .comment       0x0000000000000053       0x54 ./Core/Src/main.o
 .comment       0x0000000000000053       0x54 ./Core/Src/stm32f1xx_hal_msp.o
 .comment       0x0000000000000053       0x54 ./Core/Src/stm32f1xx_it.o
 .comment       0x0000000000000053       0x54 ./Core/Src/sysmem.o
 .comment       0x0000000000000053       0x54 ./Core/Src/system_stm32f1xx.o
 .comment       0x0000000000000053       0x54 ./Drivers/STM32F1xx_HAL_Driver/Src/stm32f1xx_hal.o
 .comment       0x0000000000000053       0x54 ./Drivers/STM32F1xx_HAL_Driver/Src/stm32f1xx_hal_cortex.o
 .comment       0x0000000000000053       0x54 ./Drivers/STM32F1xx_HAL_Driver/Src/stm32f1xx_hal_gpio.o
 .comment       0x0000000000000053       0x54 ./Drivers/STM32F1xx_HAL_Driver/Src/stm32f1xx_hal_rcc.o
 .comment       0x0000000000000053       0x54 ./Drivers/STM32F1xx_HAL_Driver/Src/stm32f1xx_hal_spi.o
 .comment       0x0000000000000053       0x54 ./Drivers/STM32F1xx_HAL_Driver/Src/stm32f1xx_hal_uart.o

.debug_frame    0x0000000000000000     0x2b10
 .debug_frame   0x0000000000000000      0x784 ./Core/Src/MY_NRF24.o
 .debug_frame   0x0000000000000784       0xcc ./Core/Src/main.o
 .debug_frame   0x0000000000000850       0xc8 ./Core/Src/stm32f1xx_hal_msp.o
 .debug_frame   0x0000000000000918      0x104 ./Core/Src/stm32f1xx_it.o
 .debug_frame   0x0000000000000a1c       0x34 ./Core/Src/sysmem.o
 .debug_frame   0x0000000000000a50       0x58 ./Core/Src/system_stm32f1xx.o
 .debug_frame   0x0000000000000aa8      0x334 ./Drivers/STM32F1xx_HAL_Driver/Src/stm32f1xx_hal.o
 .debug_frame   0x0000000000000ddc      0x428 ./Drivers/STM32F1xx_HAL_Driver/Src/stm32f1xx_hal_cortex.o
 .debug_frame   0x0000000000001204      0x14c ./Drivers/STM32F1xx_HAL_Driver/Src/stm32f1xx_hal_gpio.o
 .debug_frame   0x0000000000001350      0x21c ./Drivers/STM32F1xx_HAL_Driver/Src/stm32f1xx_hal_rcc.o
 .debug_frame   0x000000000000156c      0x824 ./Drivers/STM32F1xx_HAL_Driver/Src/stm32f1xx_hal_spi.o
 .debug_frame   0x0000000000001d90      0x914 ./Drivers/STM32F1xx_HAL_Driver/Src/stm32f1xx_hal_uart.o
 .debug_frame   0x00000000000026a4       0x20 c:/st/stm32cubeide_1.8.0/stm32cubeide/plugins/com.st.stm32cube.ide.mcu.externaltools.gnu-tools-for-stm32.9-2020-q2-update.win32_2.0.0.202105311346/tools/bin/../lib/gcc/arm-none-eabi/9.3.1/../../../../arm-none-eabi/lib/thumb/v7-m/nofp\libc_nano.a(lib_a-errno.o)
 .debug_frame   0x00000000000026c4       0x2c c:/st/stm32cubeide_1.8.0/stm32cubeide/plugins/com.st.stm32cube.ide.mcu.externaltools.gnu-tools-for-stm32.9-2020-q2-update.win32_2.0.0.202105311346/tools/bin/../lib/gcc/arm-none-eabi/9.3.1/../../../../arm-none-eabi/lib/thumb/v7-m/nofp\libc_nano.a(lib_a-init.o)
 .debug_frame   0x00000000000026f0       0x28 c:/st/stm32cubeide_1.8.0/stm32cubeide/plugins/com.st.stm32cube.ide.mcu.externaltools.gnu-tools-for-stm32.9-2020-q2-update.win32_2.0.0.202105311346/tools/bin/../lib/gcc/arm-none-eabi/9.3.1/../../../../arm-none-eabi/lib/thumb/v7-m/nofp\libc_nano.a(lib_a-memcpy-stub.o)
 .debug_frame   0x0000000000002718       0x20 c:/st/stm32cubeide_1.8.0/stm32cubeide/plugins/com.st.stm32cube.ide.mcu.externaltools.gnu-tools-for-stm32.9-2020-q2-update.win32_2.0.0.202105311346/tools/bin/../lib/gcc/arm-none-eabi/9.3.1/../../../../arm-none-eabi/lib/thumb/v7-m/nofp\libc_nano.a(lib_a-memset.o)
 .debug_frame   0x0000000000002738       0x6c c:/st/stm32cubeide_1.8.0/stm32cubeide/plugins/com.st.stm32cube.ide.mcu.externaltools.gnu-tools-for-stm32.9-2020-q2-update.win32_2.0.0.202105311346/tools/bin/../lib/gcc/arm-none-eabi/9.3.1/../../../../arm-none-eabi/lib/thumb/v7-m/nofp\libc_nano.a(lib_a-sprintf.o)
 .debug_frame   0x00000000000027a4       0x90 c:/st/stm32cubeide_1.8.0/stm32cubeide/plugins/com.st.stm32cube.ide.mcu.externaltools.gnu-tools-for-stm32.9-2020-q2-update.win32_2.0.0.202105311346/tools/bin/../lib/gcc/arm-none-eabi/9.3.1/../../../../arm-none-eabi/lib/thumb/v7-m/nofp\libc_nano.a(lib_a-nano-svfprintf.o)
 .debug_frame   0x0000000000002834       0x60 c:/st/stm32cubeide_1.8.0/stm32cubeide/plugins/com.st.stm32cube.ide.mcu.externaltools.gnu-tools-for-stm32.9-2020-q2-update.win32_2.0.0.202105311346/tools/bin/../lib/gcc/arm-none-eabi/9.3.1/../../../../arm-none-eabi/lib/thumb/v7-m/nofp\libc_nano.a(lib_a-nano-vfprintf_i.o)
 .debug_frame   0x0000000000002894       0x28 c:/st/stm32cubeide_1.8.0/stm32cubeide/plugins/com.st.stm32cube.ide.mcu.externaltools.gnu-tools-for-stm32.9-2020-q2-update.win32_2.0.0.202105311346/tools/bin/../lib/gcc/arm-none-eabi/9.3.1/../../../../arm-none-eabi/lib/thumb/v7-m/nofp\libc_nano.a(lib_a-memchr-stub.o)
 .debug_frame   0x00000000000028bc       0x28 c:/st/stm32cubeide_1.8.0/stm32cubeide/plugins/com.st.stm32cube.ide.mcu.externaltools.gnu-tools-for-stm32.9-2020-q2-update.win32_2.0.0.202105311346/tools/bin/../lib/gcc/arm-none-eabi/9.3.1/../../../../arm-none-eabi/lib/thumb/v7-m/nofp\libc_nano.a(lib_a-memmove.o)
 .debug_frame   0x00000000000028e4       0x38 c:/st/stm32cubeide_1.8.0/stm32cubeide/plugins/com.st.stm32cube.ide.mcu.externaltools.gnu-tools-for-stm32.9-2020-q2-update.win32_2.0.0.202105311346/tools/bin/../lib/gcc/arm-none-eabi/9.3.1/../../../../arm-none-eabi/lib/thumb/v7-m/nofp\libc_nano.a(lib_a-nano-freer.o)
 .debug_frame   0x000000000000291c       0x30 c:/st/stm32cubeide_1.8.0/stm32cubeide/plugins/com.st.stm32cube.ide.mcu.externaltools.gnu-tools-for-stm32.9-2020-q2-update.win32_2.0.0.202105311346/tools/bin/../lib/gcc/arm-none-eabi/9.3.1/../../../../arm-none-eabi/lib/thumb/v7-m/nofp\libc_nano.a(lib_a-nano-mallocr.o)
 .debug_frame   0x000000000000294c       0x3c c:/st/stm32cubeide_1.8.0/stm32cubeide/plugins/com.st.stm32cube.ide.mcu.externaltools.gnu-tools-for-stm32.9-2020-q2-update.win32_2.0.0.202105311346/tools/bin/../lib/gcc/arm-none-eabi/9.3.1/../../../../arm-none-eabi/lib/thumb/v7-m/nofp\libc_nano.a(lib_a-nano-reallocr.o)
 .debug_frame   0x0000000000002988       0x2c c:/st/stm32cubeide_1.8.0/stm32cubeide/plugins/com.st.stm32cube.ide.mcu.externaltools.gnu-tools-for-stm32.9-2020-q2-update.win32_2.0.0.202105311346/tools/bin/../lib/gcc/arm-none-eabi/9.3.1/../../../../arm-none-eabi/lib/thumb/v7-m/nofp\libc_nano.a(lib_a-sbrkr.o)
 .debug_frame   0x00000000000029b4       0x30 c:/st/stm32cubeide_1.8.0/stm32cubeide/plugins/com.st.stm32cube.ide.mcu.externaltools.gnu-tools-for-stm32.9-2020-q2-update.win32_2.0.0.202105311346/tools/bin/../lib/gcc/arm-none-eabi/9.3.1/../../../../arm-none-eabi/lib/thumb/v7-m/nofp\libc_nano.a(lib_a-mlock.o)
 .debug_frame   0x00000000000029e4       0x20 c:/st/stm32cubeide_1.8.0/stm32cubeide/plugins/com.st.stm32cube.ide.mcu.externaltools.gnu-tools-for-stm32.9-2020-q2-update.win32_2.0.0.202105311346/tools/bin/../lib/gcc/arm-none-eabi/9.3.1/../../../../arm-none-eabi/lib/thumb/v7-m/nofp\libc_nano.a(lib_a-nano-msizer.o)
 .debug_frame   0x0000000000002a04       0x5c c:/st/stm32cubeide_1.8.0/stm32cubeide/plugins/com.st.stm32cube.ide.mcu.externaltools.gnu-tools-for-stm32.9-2020-q2-update.win32_2.0.0.202105311346/tools/bin/../lib/gcc/arm-none-eabi/9.3.1/../../../../arm-none-eabi/lib/thumb/v7-m/nofp\libc_nano.a(lib_a-reent.o)
 .debug_frame   0x0000000000002a60       0xb0 c:/st/stm32cubeide_1.8.0/stm32cubeide/plugins/com.st.stm32cube.ide.mcu.externaltools.gnu-tools-for-stm32.9-2020-q2-update.win32_2.0.0.202105311346/tools/bin/../lib/gcc/arm-none-eabi/9.3.1/../../../../arm-none-eabi/lib/thumb/v7-m/nofp\libc_nano.a(lib_a-lock.o)
