MY_NRF24.c:56:6:NRF24_DelayMicroSeconds	24	static
MY_NRF24.c:64:6:NRF24_csn	16	static
MY_NRF24.c:70:6:NRF24_ce	16	static
MY_NRF24.c:76:9:NRF24_read_register	24	static
MY_NRF24.c:93:6:NRF24_read_registerN	24	static
MY_NRF24.c:108:6:NRF24_write_register	24	static
MY_NRF24.c:121:6:NRF24_write_registerN	24	static
MY_NRF24.c:134:6:NRF24_write_payload	24	static
MY_NRF24.c:147:6:NRF24_read_payload	24	static
MY_NRF24.c:161:6:NRF24_flush_tx	8	static
MY_NRF24.c:166:6:NRF24_flush_rx	8	static
MY_NRF24.c:171:9:NRF24_get_status	16	static
MY_NRF24.c:179:6:NRF24_begin	24	static
MY_NRF24.c:252:6:NRF24_startListening	8	static
MY_NRF24.c:269:6:NRF24_stopListening	8	static
MY_NRF24.c:276:6:NRF24_write	32	static
MY_NRF24.c:312:6:NRF24_available	8	static
MY_NRF24.c:317:6:NRF24_read	24	static
MY_NRF24.c:326:6:NRF24_openWritingPipe	24	static
MY_NRF24.c:335:6:NRF24_openReadingPipe	24	static
MY_NRF24.c:359:6:NRF24_setRetries	16	static
MY_NRF24.c:365:6:NRF24_setChannel	24	static
MY_NRF24.c:371:6:NRF24_setPayloadSize	24	static
MY_NRF24.c:377:9:NRF24_getPayloadSize	4	static
MY_NRF24.c:382:9:NRF24_getDynamicPayloadSize	8	static
MY_NRF24.c:387:6:NRF24_enableAckPayload	8	static
MY_NRF24.c:400:6:NRF24_enableDynamicPayloads	8	static
MY_NRF24.c:414:6:NRF24_disableDynamicPayloads	8	static
MY_NRF24.c:422:6:NRF24_isNRF_Plus	4	static
MY_NRF24.c:427:6:NRF24_setAutoAck	16	static
MY_NRF24.c:435:6:NRF24_setAutoAckPipe	24	static
MY_NRF24.c:452:6:NRF24_setPALevel	24	static
MY_NRF24.c:483:15:NRF24_getPALevel	16	static
MY_NRF24.c:509:6:NRF24_setDataRate	24	static
MY_NRF24.c:554:17:NRF24_getDataRate	16	static
MY_NRF24.c:579:6:NRF24_setCRCLength	24	static
MY_NRF24.c:600:18:NRF24_getCRCLength	16	static
MY_NRF24.c:616:6:NRF24_disableCRC	16	static
MY_NRF24.c:622:6:NRF24_powerUp	8	static
MY_NRF24.c:627:6:NRF24_powerDown	8	static
MY_NRF24.c:632:6:NRF24_availablePipe	24	static
MY_NRF24.c:656:6:NRF24_startWrite	16	static
MY_NRF24.c:673:6:NRF24_writeAckPayload	24	static
MY_NRF24.c:684:6:NRF24_isAckPayloadAvailable	16	static
MY_NRF24.c:691:6:NRF24_whatHappened	32	static
MY_NRF24.c:702:6:NRF24_testCarrier	8	static
MY_NRF24.c:707:6:NRF24_testRPD	8	static
MY_NRF24.c:713:6:NRF24_resetStatus	8	static
MY_NRF24.c:719:6:NRF24_ACTIVATE_cmd	16	static
MY_NRF24.c:730:9:NRF24_GetAckPayloadSize	4	static
MY_NRF24.c:735:6:printRadioSettings	152	static
MY_NRF24.c:862:6:printStatusReg	136	static
MY_NRF24.c:878:6:printConfigReg	112	static
MY_NRF24.c:896:6:nrf24_DebugUART_Init	8	static
MY_NRF24.c:901:6:printFIFOstatus	128	static
