12:19:51 **** Incremental Build of configuration Debug for project StepMotorHareketDeneme ****
make -j8 all 
arm-none-eabi-gcc "../Core/Src/main.c" -mcpu=cortex-m3 -std=gnu11 -g3 -DDEBUG -DUSE_HAL_DRIVER -DSTM32F103xB -c -I../Core/Inc -I../Drivers/STM32F1xx_HAL_Driver/Inc -I../Drivers/STM32F1xx_HAL_Driver/Inc/Legacy -I../Drivers/CMSIS/Device/ST/STM32F1xx/Include -I../Drivers/CMSIS/Include -O0 -ffunction-sections -fdata-sections -Wall -fstack-usage -MMD -MP -MF"Core/Src/main.d" -MT"Core/Src/main.o" --specs=nano.specs -mfloat-abi=soft -mthumb -o "Core/Src/main.o"
arm-none-eabi-gcc -o "StepMotorHareketDeneme.elf" @"objects.list"   -mcpu=cortex-m3 -T"C:\Users\16008\STM32CubeIDE\workspace_1.8.0\StepMotorHareketDeneme\STM32F103C8TX_FLASH.ld" --specs=nosys.specs -Wl,-Map="StepMotorHareketDeneme.map" -Wl,--gc-sections -static --specs=nano.specs -mfloat-abi=soft -mthumb -Wl,--start-group -lc -lm -Wl,--end-group
Finished building target: StepMotorHareketDeneme.elf
 
arm-none-eabi-size   StepMotorHareketDeneme.elf 
arm-none-eabi-objdump -h -S  StepMotorHareketDeneme.elf  > "StepMotorHareketDeneme.list"
arm-none-eabi-objcopy  -O ihex  StepMotorHareketDeneme.elf  "StepMotorHareketDeneme.hex"
   text	   data	    bss	    dec	    hex	filename
   4792	     20	   1572	   6384	   18f0	StepMotorHareketDeneme.elf
arm-none-eabi-objcopy  -O binary  StepMotorHareketDeneme.elf  "StepMotorHareketDeneme.bin"
Finished building: default.size.stdout
 
Finished building: StepMotorHareketDeneme.hex
Finished building: StepMotorHareketDeneme.list
Finished building: StepMotorHareketDeneme.bin
 
 
 

12:19:55 Build Finished. 0 errors, 0 warnings. (took 4s.131ms)

